Archive member included because of file (symbol)

C:\soft\Marmalade\6.1.2\s3e\edk\lib\android\libedk.a(IwDebug.o)
                              debug\admob_platform.os (IwDebugTraceSetTraceChannel)
C:\soft\Marmalade\6.1.2\s3e\edk\lib\android\libedk.a(edk_helpers.o)
                              debug\admob_platform.os (s3eEdkThreadRunOnOS)
c:/soft/Android/android-ndk-r8b/toolchains/arm-linux-androideabi-4.4.3/prebuilt/windows/bin/../lib/gcc/arm-linux-androideabi/4.4.3\libgcc.a(_aeabi_ldivmod.o)
                              C:\soft\Marmalade\6.1.2\s3e\edk\lib\android\libedk.a(IwDebug.o) (__aeabi_ldivmod)
c:/soft/Android/android-ndk-r8b/toolchains/arm-linux-androideabi-4.4.3/prebuilt/windows/bin/../lib/gcc/arm-linux-androideabi/4.4.3\libgcc.a(bpabi.o)
                              c:/soft/Android/android-ndk-r8b/toolchains/arm-linux-androideabi-4.4.3/prebuilt/windows/bin/../lib/gcc/arm-linux-androideabi/4.4.3\libgcc.a(_aeabi_ldivmod.o) (__gnu_ldivmod_helper)
c:/soft/Android/android-ndk-r8b/toolchains/arm-linux-androideabi-4.4.3/prebuilt/windows/bin/../lib/gcc/arm-linux-androideabi/4.4.3\libgcc.a(unwind-arm.o)
                              c:/soft/Android/android-ndk-r8b/platforms/android-9/arch-arm/usr/lib/crtbegin_so.o (__aeabi_unwind_cpp_pr0)
c:/soft/Android/android-ndk-r8b/toolchains/arm-linux-androideabi-4.4.3/prebuilt/windows/bin/../lib/gcc/arm-linux-androideabi/4.4.3\libgcc.a(libunwind.o)
                              c:/soft/Android/android-ndk-r8b/toolchains/arm-linux-androideabi-4.4.3/prebuilt/windows/bin/../lib/gcc/arm-linux-androideabi/4.4.3\libgcc.a(unwind-arm.o) (restore_core_regs)
c:/soft/Android/android-ndk-r8b/toolchains/arm-linux-androideabi-4.4.3/prebuilt/windows/bin/../lib/gcc/arm-linux-androideabi/4.4.3\libgcc.a(pr-support.o)
                              c:/soft/Android/android-ndk-r8b/toolchains/arm-linux-androideabi-4.4.3/prebuilt/windows/bin/../lib/gcc/arm-linux-androideabi/4.4.3\libgcc.a(unwind-arm.o) (__gnu_unwind_execute)
c:/soft/Android/android-ndk-r8b/toolchains/arm-linux-androideabi-4.4.3/prebuilt/windows/bin/../lib/gcc/arm-linux-androideabi/4.4.3\libgcc.a(_divdi3.o)
                              c:/soft/Android/android-ndk-r8b/toolchains/arm-linux-androideabi-4.4.3/prebuilt/windows/bin/../lib/gcc/arm-linux-androideabi/4.4.3\libgcc.a(bpabi.o) (__divdi3)
c:/soft/Android/android-ndk-r8b/toolchains/arm-linux-androideabi-4.4.3/prebuilt/windows/bin/../lib/gcc/arm-linux-androideabi/4.4.3\libgcc.a(_udivdi3.o)
                              c:/soft/Android/android-ndk-r8b/toolchains/arm-linux-androideabi-4.4.3/prebuilt/windows/bin/../lib/gcc/arm-linux-androideabi/4.4.3\libgcc.a(bpabi.o) (__udivdi3)
c:/soft/Android/android-ndk-r8b/toolchains/arm-linux-androideabi-4.4.3/prebuilt/windows/bin/../lib/gcc/arm-linux-androideabi/4.4.3\libgcc.a(_udivsi3.o)
                              c:/soft/Android/android-ndk-r8b/toolchains/arm-linux-androideabi-4.4.3/prebuilt/windows/bin/../lib/gcc/arm-linux-androideabi/4.4.3\libgcc.a(_divdi3.o) (__aeabi_uidiv)
c:/soft/Android/android-ndk-r8b/toolchains/arm-linux-androideabi-4.4.3/prebuilt/windows/bin/../lib/gcc/arm-linux-androideabi/4.4.3\libgcc.a(_dvmd_lnx.o)
                              c:/soft/Android/android-ndk-r8b/toolchains/arm-linux-androideabi-4.4.3/prebuilt/windows/bin/../lib/gcc/arm-linux-androideabi/4.4.3\libgcc.a(_udivsi3.o) (__div0)

Discarded input sections

 .ARM.extab     0x00000000        0x0 c:/soft/Android/android-ndk-r8b/platforms/android-9/arch-arm/usr/lib/crtbegin_so.o
 .bss           0x00000000        0x0 c:/soft/Android/android-ndk-r8b/platforms/android-9/arch-arm/usr/lib/crtbegin_so.o
 .note.GNU-stack
                0x00000000        0x0 c:/soft/Android/android-ndk-r8b/platforms/android-9/arch-arm/usr/lib/crtbegin_so.o
 _ZN7_JNIEnv9FindClassEPKc
                0x00000000        0x0 debug\admob_platform.os
 _ZN7_JNIEnv17ExceptionOccurredEv
                0x00000000        0x0 debug\admob_platform.os
 _ZN7_JNIEnv17ExceptionDescribeEv
                0x00000000        0x0 debug\admob_platform.os
 _ZN7_JNIEnv14ExceptionClearEv
                0x00000000        0x0 debug\admob_platform.os
 _ZN7_JNIEnv12NewGlobalRefEP8_jobject
                0x00000000        0x0 debug\admob_platform.os
 _ZN7_JNIEnv15DeleteGlobalRefEP8_jobject
                0x00000000        0x0 debug\admob_platform.os
 _ZN7_JNIEnv14DeleteLocalRefEP8_jobject
                0x00000000        0x0 debug\admob_platform.os
 _ZN7_JNIEnv9NewObjectEP7_jclassP10_jmethodIDz
                0x00000000        0x0 debug\admob_platform.os
 _ZN7_JNIEnv11GetMethodIDEP7_jclassPKcS3_
                0x00000000        0x0 debug\admob_platform.os
 _ZN7_JNIEnv17CallBooleanMethodEP8_jobjectP10_jmethodIDz
                0x00000000        0x0 debug\admob_platform.os
 _ZN7_JNIEnv13CallIntMethodEP8_jobjectP10_jmethodIDz
                0x00000000        0x0 debug\admob_platform.os
 _ZN7_JNIEnv12NewStringUTFEPKc
                0x00000000        0x0 debug\admob_platform.os
 _ZN7_JavaVM6GetEnvEPPvi
                0x00000000        0x0 debug\admob_platform.os
 .text          0x00000000        0x0 debug\admob_platform.os
 .data          0x00000000        0x0 debug\admob_platform.os
 .note.GNU-stack
                0x00000000        0x0 debug\admob_platform.os
 .text          0x00000000        0x0 debug\admob.os
 .data          0x00000000        0x0 debug\admob.os
 .bss           0x00000000        0x0 debug\admob.os
 .note.GNU-stack
                0x00000000        0x0 debug\admob.os
 .text          0x00000000        0x0 debug\admob_register.os
 .data          0x00000000        0x0 debug\admob_register.os
 .bss           0x00000000        0x0 debug\admob_register.os
 .note.GNU-stack
                0x00000000        0x0 debug\admob_register.os
 .text          0x00000000        0x0 C:\soft\Marmalade\6.1.2\s3e\edk\lib\android\libedk.a(IwDebug.o)
 .data          0x00000000        0x0 C:\soft\Marmalade\6.1.2\s3e\edk\lib\android\libedk.a(IwDebug.o)
 .text.IwAssertRegisterTextCallback
                0x00000000        0x0 C:\soft\Marmalade\6.1.2\s3e\edk\lib\android\libedk.a(IwDebug.o)
 .text.IwAssertRegisterCallback
                0x00000000        0x0 C:\soft\Marmalade\6.1.2\s3e\edk\lib\android\libedk.a(IwDebug.o)
 .text.IwDebugErrorRegisterCallback
                0x00000000        0x0 C:\soft\Marmalade\6.1.2\s3e\edk\lib\android\libedk.a(IwDebug.o)
 .text.IwDebugAssertSetUID
                0x00000000        0x0 C:\soft\Marmalade\6.1.2\s3e\edk\lib\android\libedk.a(IwDebug.o)
 .text.IwDebugClearConfigCache
                0x00000000        0x0 C:\soft\Marmalade\6.1.2\s3e\edk\lib\android\libedk.a(IwDebug.o)
 .text.IwDebugErrorShow
                0x00000000        0x0 C:\soft\Marmalade\6.1.2\s3e\edk\lib\android\libedk.a(IwDebug.o)
 .text.IwDebugTraceLineVPrintf
                0x00000000        0x0 C:\soft\Marmalade\6.1.2\s3e\edk\lib\android\libedk.a(IwDebug.o)
 .text.IwDebugAssertIsChannelOn
                0x00000000        0x0 C:\soft\Marmalade\6.1.2\s3e\edk\lib\android\libedk.a(IwDebug.o)
 .text.IwDebugTraceDisable
                0x00000000        0x0 C:\soft\Marmalade\6.1.2\s3e\edk\lib\android\libedk.a(IwDebug.o)
 .text.IwDebugAssertSetMessage
                0x00000000        0x0 C:\soft\Marmalade\6.1.2\s3e\edk\lib\android\libedk.a(IwDebug.o)
 .text.IwDebugAssertSetSolution
                0x00000000        0x0 C:\soft\Marmalade\6.1.2\s3e\edk\lib\android\libedk.a(IwDebug.o)
 .text.IwDebugAssertShow
                0x00000000        0x0 C:\soft\Marmalade\6.1.2\s3e\edk\lib\android\libedk.a(IwDebug.o)
 .text.IwDebugTraceChannelSwitch
                0x00000000        0x0 C:\soft\Marmalade\6.1.2\s3e\edk\lib\android\libedk.a(IwDebug.o)
 .note.GNU-stack
                0x00000000        0x0 C:\soft\Marmalade\6.1.2\s3e\edk\lib\android\libedk.a(IwDebug.o)
 .text          0x00000000        0x0 C:\soft\Marmalade\6.1.2\s3e\edk\lib\android\libedk.a(edk_helpers.o)
 .data          0x00000000        0x0 C:\soft\Marmalade\6.1.2\s3e\edk\lib\android\libedk.a(edk_helpers.o)
 .bss           0x00000000        0x0 C:\soft\Marmalade\6.1.2\s3e\edk\lib\android\libedk.a(edk_helpers.o)
 .text.s3eEdkThreadRunOnOSAsync
                0x00000000        0x0 C:\soft\Marmalade\6.1.2\s3e\edk\lib\android\libedk.a(edk_helpers.o)
 .text.s3eEdkErrorSetString
                0x00000000        0x0 C:\soft\Marmalade\6.1.2\s3e\edk\lib\android\libedk.a(edk_helpers.o)
 .note.GNU-stack
                0x00000000        0x0 C:\soft\Marmalade\6.1.2\s3e\edk\lib\android\libedk.a(edk_helpers.o)
 .data          0x00000000        0x0 c:/soft/Android/android-ndk-r8b/toolchains/arm-linux-androideabi-4.4.3/prebuilt/windows/bin/../lib/gcc/arm-linux-androideabi/4.4.3\libgcc.a(_aeabi_ldivmod.o)
 .bss           0x00000000        0x0 c:/soft/Android/android-ndk-r8b/toolchains/arm-linux-androideabi-4.4.3/prebuilt/windows/bin/../lib/gcc/arm-linux-androideabi/4.4.3\libgcc.a(_aeabi_ldivmod.o)
 .note.GNU-stack
                0x00000000        0x0 c:/soft/Android/android-ndk-r8b/toolchains/arm-linux-androideabi-4.4.3/prebuilt/windows/bin/../lib/gcc/arm-linux-androideabi/4.4.3\libgcc.a(_aeabi_ldivmod.o)
 .data          0x00000000        0x0 c:/soft/Android/android-ndk-r8b/toolchains/arm-linux-androideabi-4.4.3/prebuilt/windows/bin/../lib/gcc/arm-linux-androideabi/4.4.3\libgcc.a(bpabi.o)
 .bss           0x00000000        0x0 c:/soft/Android/android-ndk-r8b/toolchains/arm-linux-androideabi-4.4.3/prebuilt/windows/bin/../lib/gcc/arm-linux-androideabi/4.4.3\libgcc.a(bpabi.o)
 .ARM.extab     0x00000000        0x0 c:/soft/Android/android-ndk-r8b/toolchains/arm-linux-androideabi-4.4.3/prebuilt/windows/bin/../lib/gcc/arm-linux-androideabi/4.4.3\libgcc.a(bpabi.o)
 .note.GNU-stack
                0x00000000        0x0 c:/soft/Android/android-ndk-r8b/toolchains/arm-linux-androideabi-4.4.3/prebuilt/windows/bin/../lib/gcc/arm-linux-androideabi/4.4.3\libgcc.a(bpabi.o)
 .data          0x00000000        0x0 c:/soft/Android/android-ndk-r8b/toolchains/arm-linux-androideabi-4.4.3/prebuilt/windows/bin/../lib/gcc/arm-linux-androideabi/4.4.3\libgcc.a(unwind-arm.o)
 .bss           0x00000000        0x0 c:/soft/Android/android-ndk-r8b/toolchains/arm-linux-androideabi-4.4.3/prebuilt/windows/bin/../lib/gcc/arm-linux-androideabi/4.4.3\libgcc.a(unwind-arm.o)
 .note.GNU-stack
                0x00000000        0x0 c:/soft/Android/android-ndk-r8b/toolchains/arm-linux-androideabi-4.4.3/prebuilt/windows/bin/../lib/gcc/arm-linux-androideabi/4.4.3\libgcc.a(unwind-arm.o)
 .data          0x00000000        0x0 c:/soft/Android/android-ndk-r8b/toolchains/arm-linux-androideabi-4.4.3/prebuilt/windows/bin/../lib/gcc/arm-linux-androideabi/4.4.3\libgcc.a(libunwind.o)
 .bss           0x00000000        0x0 c:/soft/Android/android-ndk-r8b/toolchains/arm-linux-androideabi-4.4.3/prebuilt/windows/bin/../lib/gcc/arm-linux-androideabi/4.4.3\libgcc.a(libunwind.o)
 .note.GNU-stack
                0x00000000        0x0 c:/soft/Android/android-ndk-r8b/toolchains/arm-linux-androideabi-4.4.3/prebuilt/windows/bin/../lib/gcc/arm-linux-androideabi/4.4.3\libgcc.a(libunwind.o)
 .data          0x00000000        0x0 c:/soft/Android/android-ndk-r8b/toolchains/arm-linux-androideabi-4.4.3/prebuilt/windows/bin/../lib/gcc/arm-linux-androideabi/4.4.3\libgcc.a(pr-support.o)
 .bss           0x00000000        0x0 c:/soft/Android/android-ndk-r8b/toolchains/arm-linux-androideabi-4.4.3/prebuilt/windows/bin/../lib/gcc/arm-linux-androideabi/4.4.3\libgcc.a(pr-support.o)
 .ARM.extab     0x00000000        0x0 c:/soft/Android/android-ndk-r8b/toolchains/arm-linux-androideabi-4.4.3/prebuilt/windows/bin/../lib/gcc/arm-linux-androideabi/4.4.3\libgcc.a(pr-support.o)
 .note.GNU-stack
                0x00000000        0x0 c:/soft/Android/android-ndk-r8b/toolchains/arm-linux-androideabi-4.4.3/prebuilt/windows/bin/../lib/gcc/arm-linux-androideabi/4.4.3\libgcc.a(pr-support.o)
 .data          0x00000000        0x0 c:/soft/Android/android-ndk-r8b/toolchains/arm-linux-androideabi-4.4.3/prebuilt/windows/bin/../lib/gcc/arm-linux-androideabi/4.4.3\libgcc.a(_divdi3.o)
 .bss           0x00000000        0x0 c:/soft/Android/android-ndk-r8b/toolchains/arm-linux-androideabi-4.4.3/prebuilt/windows/bin/../lib/gcc/arm-linux-androideabi/4.4.3\libgcc.a(_divdi3.o)
 .ARM.extab     0x00000000        0x0 c:/soft/Android/android-ndk-r8b/toolchains/arm-linux-androideabi-4.4.3/prebuilt/windows/bin/../lib/gcc/arm-linux-androideabi/4.4.3\libgcc.a(_divdi3.o)
 .note.GNU-stack
                0x00000000        0x0 c:/soft/Android/android-ndk-r8b/toolchains/arm-linux-androideabi-4.4.3/prebuilt/windows/bin/../lib/gcc/arm-linux-androideabi/4.4.3\libgcc.a(_divdi3.o)
 .data          0x00000000        0x0 c:/soft/Android/android-ndk-r8b/toolchains/arm-linux-androideabi-4.4.3/prebuilt/windows/bin/../lib/gcc/arm-linux-androideabi/4.4.3\libgcc.a(_udivdi3.o)
 .bss           0x00000000        0x0 c:/soft/Android/android-ndk-r8b/toolchains/arm-linux-androideabi-4.4.3/prebuilt/windows/bin/../lib/gcc/arm-linux-androideabi/4.4.3\libgcc.a(_udivdi3.o)
 .ARM.extab     0x00000000        0x0 c:/soft/Android/android-ndk-r8b/toolchains/arm-linux-androideabi-4.4.3/prebuilt/windows/bin/../lib/gcc/arm-linux-androideabi/4.4.3\libgcc.a(_udivdi3.o)
 .note.GNU-stack
                0x00000000        0x0 c:/soft/Android/android-ndk-r8b/toolchains/arm-linux-androideabi-4.4.3/prebuilt/windows/bin/../lib/gcc/arm-linux-androideabi/4.4.3\libgcc.a(_udivdi3.o)
 .data          0x00000000        0x0 c:/soft/Android/android-ndk-r8b/toolchains/arm-linux-androideabi-4.4.3/prebuilt/windows/bin/../lib/gcc/arm-linux-androideabi/4.4.3\libgcc.a(_udivsi3.o)
 .bss           0x00000000        0x0 c:/soft/Android/android-ndk-r8b/toolchains/arm-linux-androideabi-4.4.3/prebuilt/windows/bin/../lib/gcc/arm-linux-androideabi/4.4.3\libgcc.a(_udivsi3.o)
 .note.GNU-stack
                0x00000000        0x0 c:/soft/Android/android-ndk-r8b/toolchains/arm-linux-androideabi-4.4.3/prebuilt/windows/bin/../lib/gcc/arm-linux-androideabi/4.4.3\libgcc.a(_udivsi3.o)
 .data          0x00000000        0x0 c:/soft/Android/android-ndk-r8b/toolchains/arm-linux-androideabi-4.4.3/prebuilt/windows/bin/../lib/gcc/arm-linux-androideabi/4.4.3\libgcc.a(_dvmd_lnx.o)
 .bss           0x00000000        0x0 c:/soft/Android/android-ndk-r8b/toolchains/arm-linux-androideabi-4.4.3/prebuilt/windows/bin/../lib/gcc/arm-linux-androideabi/4.4.3\libgcc.a(_dvmd_lnx.o)
 .note.GNU-stack
                0x00000000        0x0 c:/soft/Android/android-ndk-r8b/toolchains/arm-linux-androideabi-4.4.3/prebuilt/windows/bin/../lib/gcc/arm-linux-androideabi/4.4.3\libgcc.a(_dvmd_lnx.o)
 .text          0x00000000        0x0 c:/soft/Android/android-ndk-r8b/platforms/android-9/arch-arm/usr/lib/crtend_so.o
 .data          0x00000000        0x0 c:/soft/Android/android-ndk-r8b/platforms/android-9/arch-arm/usr/lib/crtend_so.o
 .bss           0x00000000        0x0 c:/soft/Android/android-ndk-r8b/platforms/android-9/arch-arm/usr/lib/crtend_so.o
 .note.GNU-stack
                0x00000000        0x0 c:/soft/Android/android-ndk-r8b/platforms/android-9/arch-arm/usr/lib/crtend_so.o

Memory Configuration

Name             Origin             Length             Attributes
*default*        0x00000000         0xffffffff

Linker script and memory map

LOAD c:/soft/Android/android-ndk-r8b/platforms/android-9/arch-arm/usr/lib/crtbegin_so.o
LOAD debug\admob_platform.os
LOAD debug\admob.os
LOAD debug\admob_register.os
LOAD C:\soft\Marmalade\6.1.2\s3e\edk\lib\android\libedk.a
LOAD C:\soft\Marmalade\6.1.2\s3e\edk\lib\android/libplaceholderplaceholderplaceholderplaceholderplaceholder.so
LOAD C:\soft\Android\android-ndk-r8b\platforms\android-9\arch-arm\usr\lib/liblog.so
LOAD C:\soft\Android\android-ndk-r8b\sources\cxx-stl\gnu-libstdc++\4.4.3\libs\armeabi\libgnustl_static.a
LOAD c:/soft/Android/android-ndk-r8b/toolchains/arm-linux-androideabi-4.4.3/prebuilt/windows/bin/../lib/gcc/arm-linux-androideabi/4.4.3\libgcc.a
LOAD C:\soft\Android\android-ndk-r8b\platforms\android-9\arch-arm\usr\lib/libstdc++.so
LOAD C:\soft\Android\android-ndk-r8b\platforms\android-9\arch-arm\usr\lib/libm.so
LOAD C:\soft\Android\android-ndk-r8b\platforms\android-9\arch-arm\usr\lib/libc.so
LOAD c:/soft/Android/android-ndk-r8b/toolchains/arm-linux-androideabi-4.4.3/prebuilt/windows/bin/../lib/gcc/arm-linux-androideabi/4.4.3\libgcc.a
LOAD C:\soft\Android\android-ndk-r8b\platforms\android-9\arch-arm\usr\lib/libc.so
LOAD C:\soft\Android\android-ndk-r8b\platforms\android-9\arch-arm\usr\lib/libdl.so
LOAD c:/soft/Android/android-ndk-r8b/toolchains/arm-linux-androideabi-4.4.3/prebuilt/windows/bin/../lib/gcc/arm-linux-androideabi/4.4.3\libgcc.a
LOAD c:/soft/Android/android-ndk-r8b/platforms/android-9/arch-arm/usr/lib/crtend_so.o
                0x000000f4                . = (0x0 + SIZEOF_HEADERS)

.note.gnu.build-id
 *(.note.gnu.build-id)

.hash           0x000000f4      0x29c
 *(.hash)
 .hash          0x000000f4      0x29c c:/soft/Android/android-ndk-r8b/platforms/android-9/arch-arm/usr/lib/crtbegin_so.o

.gnu.hash
 *(.gnu.hash)

.dynsym         0x00000390      0x620
 *(.dynsym)
 .dynsym        0x00000390      0x620 c:/soft/Android/android-ndk-r8b/platforms/android-9/arch-arm/usr/lib/crtbegin_so.o

.dynstr         0x000009b0      0x63e
 *(.dynstr)
 .dynstr        0x000009b0      0x63e c:/soft/Android/android-ndk-r8b/platforms/android-9/arch-arm/usr/lib/crtbegin_so.o

.gnu.version    0x00000fee        0x0
 *(.gnu.version)
 .gnu.version   0x00000000        0x0 c:/soft/Android/android-ndk-r8b/platforms/android-9/arch-arm/usr/lib/crtbegin_so.o

.gnu.version_d  0x00000ff0        0x0 load address 0x00000fee
 *(.gnu.version_d)
 .gnu.version_d
                0x00000000        0x0 c:/soft/Android/android-ndk-r8b/platforms/android-9/arch-arm/usr/lib/crtbegin_so.o

.gnu.version_r  0x00000ff0        0x0 load address 0x00000fee
 *(.gnu.version_r)
 .gnu.version_r
                0x00000000        0x0 c:/soft/Android/android-ndk-r8b/platforms/android-9/arch-arm/usr/lib/crtbegin_so.o

.rel.dyn        0x00000ff0       0xf8
 *(.rel.init)
 *(.rel.text .rel.text.* .rel.gnu.linkonce.t.*)
 .rel.text      0x00000ff0       0x10 c:/soft/Android/android-ndk-r8b/platforms/android-9/arch-arm/usr/lib/crtbegin_so.o
 *(.rel.fini)
 *(.rel.rodata .rel.rodata.* .rel.gnu.linkonce.r.*)
 *(.rel.data.rel.ro* .rel.gnu.linkonce.d.rel.ro.*)
 *(.rel.data .rel.data.* .rel.gnu.linkonce.d.*)
 .rel.data      0x00001000        0x8 c:/soft/Android/android-ndk-r8b/platforms/android-9/arch-arm/usr/lib/crtbegin_so.o
 *(.rel.tdata .rel.tdata.* .rel.gnu.linkonce.td.*)
 *(.rel.tbss .rel.tbss.* .rel.gnu.linkonce.tb.*)
 *(.rel.ctors)
 *(.rel.dtors)
 *(.rel.got)
 .rel.got       0x00001008       0xd0 c:/soft/Android/android-ndk-r8b/platforms/android-9/arch-arm/usr/lib/crtbegin_so.o
 *(.rel.bss .rel.bss.* .rel.gnu.linkonce.b.*)
 .rel.fini_array
                0x000010d8        0x8 c:/soft/Android/android-ndk-r8b/platforms/android-9/arch-arm/usr/lib/crtbegin_so.o
 .rel.init_array
                0x000010e0        0x8 c:/soft/Android/android-ndk-r8b/platforms/android-9/arch-arm/usr/lib/crtbegin_so.o

.rela.dyn
 *(.rela.init)
 *(.rela.text .rela.text.* .rela.gnu.linkonce.t.*)
 *(.rela.fini)
 *(.rela.rodata .rela.rodata.* .rela.gnu.linkonce.r.*)
 *(.rela.data .rela.data.* .rela.gnu.linkonce.d.*)
 *(.rela.tdata .rela.tdata.* .rela.gnu.linkonce.td.*)
 *(.rela.tbss .rela.tbss.* .rela.gnu.linkonce.tb.*)
 *(.rela.ctors)
 *(.rela.dtors)
 *(.rela.got)
 *(.rela.bss .rela.bss.* .rela.gnu.linkonce.b.*)

.rel.plt        0x000010e8       0xa8
 *(.rel.plt)
 .rel.plt       0x000010e8       0xa8 c:/soft/Android/android-ndk-r8b/platforms/android-9/arch-arm/usr/lib/crtbegin_so.o

.rela.plt
 *(.rela.plt)

.init
 *(.init)

.plt            0x00001190      0x110
 *(.plt)
 .plt           0x00001190      0x110 c:/soft/Android/android-ndk-r8b/platforms/android-9/arch-arm/usr/lib/crtbegin_so.o

.text           0x000012a0     0x45fc
 *(.text .stub .text.* .gnu.linkonce.t.*)
 .text          0x000012a0       0x28 c:/soft/Android/android-ndk-r8b/platforms/android-9/arch-arm/usr/lib/crtbegin_so.o
                0x000012b0                atexit
 .text._ZN7_JNIEnv9FindClassEPKc
                0x000012c8       0x38 debug\admob_platform.os
                0x000012c8                _JNIEnv::FindClass(char const*)
 .text._ZN7_JNIEnv17ExceptionOccurredEv
                0x00001300       0x30 debug\admob_platform.os
                0x00001300                _JNIEnv::ExceptionOccurred()
 .text._ZN7_JNIEnv17ExceptionDescribeEv
                0x00001330       0x28 debug\admob_platform.os
                0x00001330                _JNIEnv::ExceptionDescribe()
 .text._ZN7_JNIEnv14ExceptionClearEv
                0x00001358       0x28 debug\admob_platform.os
                0x00001358                _JNIEnv::ExceptionClear()
 .text._ZN7_JNIEnv12NewGlobalRefEP8_jobject
                0x00001380       0x38 debug\admob_platform.os
                0x00001380                _JNIEnv::NewGlobalRef(_jobject*)
 .text._ZN7_JNIEnv15DeleteGlobalRefEP8_jobject
                0x000013b8       0x30 debug\admob_platform.os
                0x000013b8                _JNIEnv::DeleteGlobalRef(_jobject*)
 .text._ZN7_JNIEnv14DeleteLocalRefEP8_jobject
                0x000013e8       0x30 debug\admob_platform.os
                0x000013e8                _JNIEnv::DeleteLocalRef(_jobject*)
 .text._ZN7_JNIEnv9NewObjectEP7_jclassP10_jmethodIDz
                0x00001418       0x5c debug\admob_platform.os
                0x00001418                _JNIEnv::NewObject(_jclass*, _jmethodID*, ...)
 .text._ZN7_JNIEnv11GetMethodIDEP7_jclassPKcS3_
                0x00001474       0x48 debug\admob_platform.os
                0x00001474                _JNIEnv::GetMethodID(_jclass*, char const*, char const*)
 .text._ZN7_JNIEnv17CallBooleanMethodEP8_jobjectP10_jmethodIDz
                0x000014bc       0x5c debug\admob_platform.os
                0x000014bc                _JNIEnv::CallBooleanMethod(_jobject*, _jmethodID*, ...)
 .text._ZN7_JNIEnv13CallIntMethodEP8_jobjectP10_jmethodIDz
                0x00001518       0x5c debug\admob_platform.os
                0x00001518                _JNIEnv::CallIntMethod(_jobject*, _jmethodID*, ...)
 .text._ZN7_JNIEnv12NewStringUTFEPKc
                0x00001574       0x38 debug\admob_platform.os
                0x00001574                _JNIEnv::NewStringUTF(char const*)
 .text._ZN7_JavaVM6GetEnvEPPvi
                0x000015ac       0x40 debug\admob_platform.os
                0x000015ac                _JavaVM::GetEnv(void**, int)
 .text._ZL15s3eEdkJNIGetEnvv
                0x000015ec       0x44 debug\admob_platform.os
 .text._ZL27s3eEdkAndroidFindClass_realPKc
                0x00001630       0xa4 debug\admob_platform.os
 .text._ZL22s3eEdkAndroidFindClassPKc
                0x000016d4       0x38 debug\admob_platform.os
 .text._Z18admobInit_platformv
                0x0000170c      0x814 debug\admob_platform.os
                0x0000170c                admobInit_platform()
 .text._Z23admobTerminate_platformv
                0x00001f20        0x4 debug\admob_platform.os
                0x00001f20                admobTerminate_platform()
 .text._Z19admob_init_platformPKciiii
                0x00001f24       0x9c debug\admob_platform.os
                0x00001f24                admob_init_platform(char const*, int, int, int, int)
 .text._Z24admob_initSmart_platformPKciiiii
                0x00001fc0       0xa4 debug\admob_platform.os
                0x00001fc0                admob_initSmart_platform(char const*, int, int, int, int, int)
 .text._Z21admob_resize_platformi
                0x00002064       0x5c debug\admob_platform.os
                0x00002064                admob_resize_platform(int)
 .text._Z19admob_show_platformv
                0x000020c0       0x54 debug\admob_platform.os
                0x000020c0                admob_show_platform()
 .text._Z22admob_refresh_platformv
                0x00002114       0x54 debug\admob_platform.os
                0x00002114                admob_refresh_platform()
 .text._Z19admob_hide_platformv
                0x00002168       0x54 debug\admob_platform.os
                0x00002168                admob_hide_platform()
 .text._Z19admob_move_platformiii
                0x000021bc       0x74 debug\admob_platform.os
                0x000021bc                admob_move_platform(int, int, int)
 .text._Z24admob_moveSmart_platformiiiii
                0x00002230       0x88 debug\admob_platform.os
                0x00002230                admob_moveSmart_platform(int, int, int, int, int)
 .text._Z34admob_interestial_preload_platformPKc
                0x000022b8       0x70 debug\admob_platform.os
                0x000022b8                admob_interestial_preload_platform(char const*)
 .text._Z34admob_interestial_isReady_platformv
                0x00002328       0x64 debug\admob_platform.os
                0x00002328                admob_interestial_isReady_platform()
 .text._Z34admob_interestial_isShown_platformv
                0x0000238c       0x64 debug\admob_platform.os
                0x0000238c                admob_interestial_isShown_platform()
 .text._Z35admob_interestial_wasShown_platformv
                0x000023f0       0x64 debug\admob_platform.os
                0x000023f0                admob_interestial_wasShown_platform()
 .text._Z38admob_interestial_hasBeenUsed_platformv
                0x00002454       0x64 debug\admob_platform.os
                0x00002454                admob_interestial_hasBeenUsed_platform()
 .text._Z31admob_interestial_show_platformv
                0x000024b8       0x54 debug\admob_platform.os
                0x000024b8                admob_interestial_show_platform()
 .text._Z31admob_interestial_hide_platformv
                0x0000250c       0x54 debug\admob_platform.os
                0x0000250c                admob_interestial_hide_platform()
 .text._Z31admob_banner_isClicked_platformv
                0x00002560       0x64 debug\admob_platform.os
                0x00002560                admob_banner_isClicked_platform()
 .text._Z36admob_interestial_isClicked_platformv
                0x000025c4       0x64 debug\admob_platform.os
                0x000025c4                admob_interestial_isClicked_platform()
 .text._Z9admobInitv
                0x00002628       0x14 debug\admob.os
                0x00002628                admobInit()
 .text._Z14admobTerminatev
                0x0000263c        0xc debug\admob.os
                0x0000263c                admobTerminate()
 .text.admob_initSmart
                0x00002648       0x4c debug\admob.os
                0x00002648                admob_initSmart
 .text.admob_moveSmart
                0x00002694       0x44 debug\admob.os
                0x00002694                admob_moveSmart
 .text.admob_init
                0x000026d8       0x44 debug\admob.os
                0x000026d8                admob_init
 .text.admob_resize
                0x0000271c       0x24 debug\admob.os
                0x0000271c                admob_resize
 .text.admob_show
                0x00002740       0x14 debug\admob.os
                0x00002740                admob_show
 .text.admob_refresh
                0x00002754       0x14 debug\admob.os
                0x00002754                admob_refresh
 .text.admob_hide
                0x00002768       0x14 debug\admob.os
                0x00002768                admob_hide
 .text.admob_move
                0x0000277c       0x34 debug\admob.os
                0x0000277c                admob_move
 .text.admob_interestial_preload
                0x000027b0       0x24 debug\admob.os
                0x000027b0                admob_interestial_preload
 .text.admob_interestial_isReady
                0x000027d4       0x14 debug\admob.os
                0x000027d4                admob_interestial_isReady
 .text.admob_interestial_isShown
                0x000027e8       0x14 debug\admob.os
                0x000027e8                admob_interestial_isShown
 .text.admob_interestial_wasShown
                0x000027fc       0x14 debug\admob.os
                0x000027fc                admob_interestial_wasShown
 .text.admob_interestial_hasBeenUsed
                0x00002810       0x14 debug\admob.os
                0x00002810                admob_interestial_hasBeenUsed
 .text.admob_interestial_show
                0x00002824       0x14 debug\admob.os
                0x00002824                admob_interestial_show
 .text.admob_interestial_hide
                0x00002838       0x14 debug\admob.os
                0x00002838                admob_interestial_hide
 .text.admob_banner_isClicked
                0x0000284c       0x14 debug\admob.os
                0x0000284c                admob_banner_isClicked
 .text.admob_interestial_isClicked
                0x00002860       0x14 debug\admob.os
                0x00002860                admob_interestial_isClicked
 .text._ZL20admob_initSmart_wrapPKciiiii
                0x00002874       0xd0 debug\admob_register.os
 .text._ZL20admob_moveSmart_wrapiiiii
                0x00002944       0xc8 debug\admob_register.os
 .text._ZL15admob_init_wrapPKciiii
                0x00002a0c       0xc8 debug\admob_register.os
 .text._ZL17admob_resize_wrapi
                0x00002ad4       0xa0 debug\admob_register.os
 .text._ZL15admob_show_wrapv
                0x00002b74       0x90 debug\admob_register.os
 .text._ZL18admob_refresh_wrapv
                0x00002c04       0x90 debug\admob_register.os
 .text._ZL15admob_hide_wrapv
                0x00002c94       0x90 debug\admob_register.os
 .text._ZL15admob_move_wrapiii
                0x00002d24       0xb4 debug\admob_register.os
 .text._ZL30admob_interestial_preload_wrapPKc
                0x00002dd8       0xa0 debug\admob_register.os
 .text._ZL30admob_interestial_isReady_wrapv
                0x00002e78       0xa0 debug\admob_register.os
 .text._ZL30admob_interestial_isShown_wrapv
                0x00002f18       0xa0 debug\admob_register.os
 .text._ZL31admob_interestial_wasShown_wrapv
                0x00002fb8       0xa0 debug\admob_register.os
 .text._ZL34admob_interestial_hasBeenUsed_wrapv
                0x00003058       0xa0 debug\admob_register.os
 .text._ZL27admob_interestial_show_wrapv
                0x000030f8       0x90 debug\admob_register.os
 .text._ZL27admob_interestial_hide_wrapv
                0x00003188       0x90 debug\admob_register.os
 .text._ZL27admob_banner_isClicked_wrapv
                0x00003218       0xa0 debug\admob_register.os
 .text._ZL32admob_interestial_isClicked_wrapv
                0x000032b8       0xa0 debug\admob_register.os
 .text._Z16admobRegisterExtv
                0x00003358      0x194 debug\admob_register.os
                0x00003358                admobRegisterExt()
 .text.RegisterExt
                0x000034ec        0xc debug\admob_register.os
                0x000034ec                RegisterExt
 .text.IwDebugTraceSetTraceChannel
                0x000034f8       0x1c C:\soft\Marmalade\6.1.2\s3e\edk\lib\android\libedk.a(IwDebug.o)
                0x000034f8                IwDebugTraceSetTraceChannel
 .text._GLOBAL__I_D__sdkbuild_sdk_6.1_modules_iwcore_source_IwDebug.cpp
                0x00003514       0xa4 C:\soft\Marmalade\6.1.2\s3e\edk\lib\android\libedk.a(IwDebug.o)
 .text.IwDebugTraceIsChannelOn
                0x000035b8      0x2b8 C:\soft\Marmalade\6.1.2\s3e\edk\lib\android\libedk.a(IwDebug.o)
                0x000035b8                IwDebugTraceIsChannelOn
 .text.IwDebugTraceLinePrintf
                0x00003870      0x10c C:\soft\Marmalade\6.1.2\s3e\edk\lib\android\libedk.a(IwDebug.o)
                0x00003870                IwDebugTraceLinePrintf
 .text.s3eEdkThreadRunOnOS
                0x0000397c       0x30 C:\soft\Marmalade\6.1.2\s3e\edk\lib\android\libedk.a(edk_helpers.o)
                0x0000397c                s3eEdkThreadRunOnOS
 .text          0x000039ac       0x1c c:/soft/Android/android-ndk-r8b/toolchains/arm-linux-androideabi-4.4.3/prebuilt/windows/bin/../lib/gcc/arm-linux-androideabi/4.4.3\libgcc.a(_aeabi_ldivmod.o)
                0x000039ac                __aeabi_ldivmod
 .text          0x000039c8       0x88 c:/soft/Android/android-ndk-r8b/toolchains/arm-linux-androideabi-4.4.3/prebuilt/windows/bin/../lib/gcc/arm-linux-androideabi/4.4.3\libgcc.a(bpabi.o)
                0x000039c8                __gnu_uldivmod_helper
                0x00003a0c                __gnu_ldivmod_helper
 .text          0x00003a50      0xec4 c:/soft/Android/android-ndk-r8b/toolchains/arm-linux-androideabi-4.4.3/prebuilt/windows/bin/../lib/gcc/arm-linux-androideabi/4.4.3\libgcc.a(unwind-arm.o)
                0x00004478                __gnu_Unwind_RaiseException
                0x00003fd0                __aeabi_unwind_cpp_pr0
                0x00003b00                _Unwind_GetCFA
                0x00003a9c                _Unwind_VRS_Set
                0x00004214                __gnu_Unwind_Backtrace
                0x000045a8                _Unwind_VRS_Pop
                0x00003fc0                __aeabi_unwind_cpp_pr2
                0x00003b0c                _Unwind_DeleteException
                0x00003b08                _Unwind_Complete
                0x0000453c                __gnu_Unwind_Resume
                0x00004404                __gnu_Unwind_ForcedUnwind
                0x0000451c                __gnu_Unwind_Resume_or_Rethrow
                0x00003a50                _Unwind_VRS_Get
                0x00003fc8                __aeabi_unwind_cpp_pr1
 .text          0x00004914      0x1a8 c:/soft/Android/android-ndk-r8b/toolchains/arm-linux-androideabi-4.4.3/prebuilt/windows/bin/../lib/gcc/arm-linux-androideabi/4.4.3\libgcc.a(libunwind.o)
                0x00004a74                ___Unwind_ForcedUnwind
                0x00004930                __gnu_Unwind_Save_VFP
                0x00004a50                _Unwind_Resume_or_Rethrow
                0x00004a50                ___Unwind_Resume_or_Rethrow
                0x00004a98                _Unwind_Backtrace
                0x00004914                __restore_core_regs
                0x00004950                __gnu_Unwind_Save_VFP_D_16_to_31
                0x00004940                __gnu_Unwind_Save_VFP_D
                0x00004a98                ___Unwind_Backtrace
                0x00004a08                ___Unwind_RaiseException
                0x00004a2c                ___Unwind_Resume
                0x00004958                __gnu_Unwind_Restore_WMMXD
                0x00004928                __gnu_Unwind_Restore_VFP
                0x00004a2c                _Unwind_Resume
                0x00004938                __gnu_Unwind_Restore_VFP_D
                0x00004948                __gnu_Unwind_Restore_VFP_D_16_to_31
                0x00004a08                _Unwind_RaiseException
                0x00004914                restore_core_regs
                0x000049f4                __gnu_Unwind_Save_WMMXC
                0x000049e0                __gnu_Unwind_Restore_WMMXC
                0x00004a74                _Unwind_ForcedUnwind
                0x0000499c                __gnu_Unwind_Save_WMMXD
 .text          0x00004abc      0x484 c:/soft/Android/android-ndk-r8b/toolchains/arm-linux-androideabi-4.4.3/prebuilt/windows/bin/../lib/gcc/arm-linux-androideabi/4.4.3\libgcc.a(pr-support.o)
                0x00004b5c                _Unwind_GetRegionStart
                0x00004b88                __gnu_unwind_execute
                0x00004b14                _Unwind_GetTextRelBase
                0x00004b24                _Unwind_GetLanguageSpecificData
                0x00004f00                __gnu_unwind_frame
                0x00004b1c                _Unwind_GetDataRelBase
 .text          0x00004f40      0x47c c:/soft/Android/android-ndk-r8b/toolchains/arm-linux-androideabi-4.4.3/prebuilt/windows/bin/../lib/gcc/arm-linux-androideabi/4.4.3\libgcc.a(_divdi3.o)
                0x00004f40                __divdi3
 .text          0x000053bc      0x40c c:/soft/Android/android-ndk-r8b/toolchains/arm-linux-androideabi-4.4.3/prebuilt/windows/bin/../lib/gcc/arm-linux-androideabi/4.4.3\libgcc.a(_udivdi3.o)
                0x000053bc                __udivdi3
 .text          0x000057c8       0xc4 c:/soft/Android/android-ndk-r8b/toolchains/arm-linux-androideabi-4.4.3/prebuilt/windows/bin/../lib/gcc/arm-linux-androideabi/4.4.3\libgcc.a(_udivsi3.o)
                0x000057c8                __udivsi3
                0x000057c8                __aeabi_uidiv
                0x00005874                __aeabi_uidivmod
 .text          0x0000588c       0x10 c:/soft/Android/android-ndk-r8b/toolchains/arm-linux-androideabi-4.4.3/prebuilt/windows/bin/../lib/gcc/arm-linux-androideabi/4.4.3\libgcc.a(_dvmd_lnx.o)
                0x0000588c                __div0
 *(.gnu.warning)
 *(.glue_7t)
 .glue_7t       0x00000000        0x0 linker stubs
 *(.glue_7)
 .glue_7        0x00000000        0x0 linker stubs
 *(.vfp11_veneer)
 .vfp11_veneer  0x00000000        0x0 linker stubs
 *(.v4_bx)
 .v4_bx         0x00000000        0x0 linker stubs

.fini
 *(.fini)
                0x0000589c                PROVIDE (__etext, .)
                0x0000589c                PROVIDE (_etext, .)
                0x0000589c                PROVIDE (etext, .)

.rodata         0x0000589c      0x72c
 *(.rodata .rodata.* .gnu.linkonce.r.*)
 .rodata        0x0000589c      0x234 debug\admob_platform.os
 .rodata        0x00005ad0      0x3dc debug\admob_register.os
 .rodata.str1.4
                0x00005eac      0x11c C:\soft\Marmalade\6.1.2\s3e\edk\lib\android\libedk.a(IwDebug.o)
                                0x120 (size before relaxing)

.rodata1
 *(.rodata1)

.ARM.extab      0x00005fc8       0x24
 *(.ARM.extab* .gnu.linkonce.armextab.*)
 .ARM.extab     0x00005fc8       0x24 c:/soft/Android/android-ndk-r8b/toolchains/arm-linux-androideabi-4.4.3/prebuilt/windows/bin/../lib/gcc/arm-linux-androideabi/4.4.3\libgcc.a(unwind-arm.o)
                0x00005fec                __exidx_start = .

.ARM.exidx      0x00005fec      0x100
 *(.ARM.exidx* .gnu.linkonce.armexidx.*)
 .ARM.exidx     0x00005fec        0x8 c:/soft/Android/android-ndk-r8b/platforms/android-9/arch-arm/usr/lib/crtbegin_so.o
 .ARM.exidx     0x00005ff4       0x10 c:/soft/Android/android-ndk-r8b/toolchains/arm-linux-androideabi-4.4.3/prebuilt/windows/bin/../lib/gcc/arm-linux-androideabi/4.4.3\libgcc.a(bpabi.o)
 .ARM.exidx     0x00006004       0xa0 c:/soft/Android/android-ndk-r8b/toolchains/arm-linux-androideabi-4.4.3/prebuilt/windows/bin/../lib/gcc/arm-linux-androideabi/4.4.3\libgcc.a(unwind-arm.o)
 .ARM.exidx     0x000060a4       0x38 c:/soft/Android/android-ndk-r8b/toolchains/arm-linux-androideabi-4.4.3/prebuilt/windows/bin/../lib/gcc/arm-linux-androideabi/4.4.3\libgcc.a(pr-support.o)
 .ARM.exidx     0x000060dc        0x8 c:/soft/Android/android-ndk-r8b/toolchains/arm-linux-androideabi-4.4.3/prebuilt/windows/bin/../lib/gcc/arm-linux-androideabi/4.4.3\libgcc.a(_divdi3.o)
 .ARM.exidx     0x000060e4        0x8 c:/soft/Android/android-ndk-r8b/toolchains/arm-linux-androideabi-4.4.3/prebuilt/windows/bin/../lib/gcc/arm-linux-androideabi/4.4.3\libgcc.a(_udivdi3.o)
                0x000060ec                __exidx_end = .

.eh_frame_hdr
 *(.eh_frame_hdr)

.eh_frame
 *(.eh_frame)

.gcc_except_table
 *(.gcc_except_table .gcc_except_table.*)
                0x000060ec                . = (ALIGN (0x1000) - ((0x1000 - .) & 0xfff))
                0x00007e40                . = (0x1000 DATA_SEGMENT_ALIGN 0x1000)

.eh_frame
 *(.eh_frame)

.gcc_except_table
 *(.gcc_except_table .gcc_except_table.*)

.tdata
 *(.tdata .tdata.* .gnu.linkonce.td.*)

.tbss
 *(.tbss .tbss.* .gnu.linkonce.tb.*)
 *(.tcommon)

.preinit_array
 *(.preinit_array)

.init_array     0x00007e40        0xc
 *(SORT(.init_array.*))
 *(.init_array)
 .init_array    0x00007e40        0x4 c:/soft/Android/android-ndk-r8b/platforms/android-9/arch-arm/usr/lib/crtbegin_so.o
                0x00007e40                __INIT_ARRAY__
 .init_array    0x00007e44        0x4 C:\soft\Marmalade\6.1.2\s3e\edk\lib\android\libedk.a(IwDebug.o)
 .init_array    0x00007e48        0x4 c:/soft/Android/android-ndk-r8b/platforms/android-9/arch-arm/usr/lib/crtend_so.o

.fini_array     0x00007e4c        0xc
 *(.fini_array)
 .fini_array    0x00007e4c        0x8 c:/soft/Android/android-ndk-r8b/platforms/android-9/arch-arm/usr/lib/crtbegin_so.o
                0x00007e4c                __FINI_ARRAY__
 .fini_array    0x00007e54        0x4 c:/soft/Android/android-ndk-r8b/platforms/android-9/arch-arm/usr/lib/crtend_so.o
 *(SORT(.fini_array.*))

.ctors
 *crtbegin.o(.ctors)
 *crtbegin?.o(.ctors)
 *(EXCLUDE_FILE(*crtend?.o *crtend.o) .ctors)
 *(SORT(.ctors.*))
 *(.ctors)

.dtors
 *crtbegin.o(.dtors)
 *crtbegin?.o(.dtors)
 *(EXCLUDE_FILE(*crtend?.o *crtend.o) .dtors)
 *(SORT(.dtors.*))
 *(.dtors)

.jcr
 *(.jcr)

.data.rel.ro
 *(.data.rel.ro.local* .gnu.linkonce.d.rel.ro.local.*)
 *(.data.rel.ro* .gnu.linkonce.d.rel.ro.*)

.dynamic        0x00007e58       0xe0
 *(.dynamic)
 .dynamic       0x00007e58       0xe0 c:/soft/Android/android-ndk-r8b/platforms/android-9/arch-arm/usr/lib/crtbegin_so.o
                0x00007e58                _DYNAMIC

.got            0x00007f38       0xc8
 *(.got.plt)
 .got.plt       0x00007f38       0x60 c:/soft/Android/android-ndk-r8b/platforms/android-9/arch-arm/usr/lib/crtbegin_so.o
                0x00007f38                _GLOBAL_OFFSET_TABLE_
 *(.got)
 .got           0x00007f98       0x68 c:/soft/Android/android-ndk-r8b/platforms/android-9/arch-arm/usr/lib/crtbegin_so.o
                0x00008000                . = (. DATA_SEGMENT_RELRO_END 0x0)

.data           0x00008000       0x10
                0x00008000                __data_start = .
 *(.data .data.* .gnu.linkonce.d.*)
 .data          0x00008000       0x10 c:/soft/Android/android-ndk-r8b/platforms/android-9/arch-arm/usr/lib/crtbegin_so.o
                0x00008000                __dso_handle

.data1
 *(.data1)
                0x00008010                _edata = .
                0x00008010                PROVIDE (edata, .)
                0x00008010                __bss_start = .
                0x00008010                __bss_start__ = .

.bss            0x00008010     0x1a70
 *(.dynbss)
 .dynbss        0x00000000        0x0 c:/soft/Android/android-ndk-r8b/platforms/android-9/arch-arm/usr/lib/crtbegin_so.o
 *(.bss .bss.* .gnu.linkonce.b.*)
 .bss           0x00008010       0x48 debug\admob_platform.os
 .bss           0x00008058     0x1a28 C:\soft\Marmalade\6.1.2\s3e\edk\lib\android\libedk.a(IwDebug.o)
                0x00008058                g_DebugGlobals
 *(COMMON)
                0x00009a80                . = ALIGN ((. != 0x0)?0x4:0x1)
                0x00009a80                _bss_end__ = .
                0x00009a80                __bss_end__ = .
                0x00009a80                . = ALIGN (0x4)
                0x00009a80                . = ALIGN (0x4)
                0x00009a80                __end__ = .
                0x00009a80                _end = .
                0x00009a80                PROVIDE (end, .)
                0x00009a80                . = DATA_SEGMENT_END (.)

.stab
 *(.stab)

.stabstr
 *(.stabstr)

.stab.excl
 *(.stab.excl)

.stab.exclstr
 *(.stab.exclstr)

.stab.index
 *(.stab.index)

.stab.indexstr
 *(.stab.indexstr)

.comment        0x00000000       0xb4
 *(.comment)
 .comment       0x00000000       0x12 debug\admob_platform.os
 .comment       0x00000012       0x12 debug\admob.os
 .comment       0x00000024       0x12 debug\admob_register.os
 .comment       0x00000036       0x12 C:\soft\Marmalade\6.1.2\s3e\edk\lib\android\libedk.a(IwDebug.o)
 .comment       0x00000048       0x12 C:\soft\Marmalade\6.1.2\s3e\edk\lib\android\libedk.a(edk_helpers.o)
 .comment       0x0000005a       0x12 c:/soft/Android/android-ndk-r8b/toolchains/arm-linux-androideabi-4.4.3/prebuilt/windows/bin/../lib/gcc/arm-linux-androideabi/4.4.3\libgcc.a(bpabi.o)
 .comment       0x0000006c       0x12 c:/soft/Android/android-ndk-r8b/toolchains/arm-linux-androideabi-4.4.3/prebuilt/windows/bin/../lib/gcc/arm-linux-androideabi/4.4.3\libgcc.a(unwind-arm.o)
 .comment       0x0000007e       0x12 c:/soft/Android/android-ndk-r8b/toolchains/arm-linux-androideabi-4.4.3/prebuilt/windows/bin/../lib/gcc/arm-linux-androideabi/4.4.3\libgcc.a(pr-support.o)
 .comment       0x00000090       0x12 c:/soft/Android/android-ndk-r8b/toolchains/arm-linux-androideabi-4.4.3/prebuilt/windows/bin/../lib/gcc/arm-linux-androideabi/4.4.3\libgcc.a(_divdi3.o)
 .comment       0x000000a2       0x12 c:/soft/Android/android-ndk-r8b/toolchains/arm-linux-androideabi-4.4.3/prebuilt/windows/bin/../lib/gcc/arm-linux-androideabi/4.4.3\libgcc.a(_udivdi3.o)

.debug
 *(.debug)

.line
 *(.line)

.debug_srcinfo
 *(.debug_srcinfo)

.debug_sfnames
 *(.debug_sfnames)

.debug_aranges  0x00000000      0x3b0
 *(.debug_aranges)
 .debug_aranges
                0x00000000      0x130 debug\admob_platform.os
 .debug_aranges
                0x00000130       0xb0 debug\admob.os
 .debug_aranges
                0x000001e0       0xb0 debug\admob_register.os
 .debug_aranges
                0x00000290       0x20 c:/soft/Android/android-ndk-r8b/toolchains/arm-linux-androideabi-4.4.3/prebuilt/windows/bin/../lib/gcc/arm-linux-androideabi/4.4.3\libgcc.a(_aeabi_ldivmod.o)
 .debug_aranges
                0x000002b0       0x20 c:/soft/Android/android-ndk-r8b/toolchains/arm-linux-androideabi-4.4.3/prebuilt/windows/bin/../lib/gcc/arm-linux-androideabi/4.4.3\libgcc.a(bpabi.o)
 .debug_aranges
                0x000002d0       0x20 c:/soft/Android/android-ndk-r8b/toolchains/arm-linux-androideabi-4.4.3/prebuilt/windows/bin/../lib/gcc/arm-linux-androideabi/4.4.3\libgcc.a(unwind-arm.o)
 .debug_aranges
                0x000002f0       0x20 c:/soft/Android/android-ndk-r8b/toolchains/arm-linux-androideabi-4.4.3/prebuilt/windows/bin/../lib/gcc/arm-linux-androideabi/4.4.3\libgcc.a(libunwind.o)
 .debug_aranges
                0x00000310       0x20 c:/soft/Android/android-ndk-r8b/toolchains/arm-linux-androideabi-4.4.3/prebuilt/windows/bin/../lib/gcc/arm-linux-androideabi/4.4.3\libgcc.a(pr-support.o)
 .debug_aranges
                0x00000330       0x20 c:/soft/Android/android-ndk-r8b/toolchains/arm-linux-androideabi-4.4.3/prebuilt/windows/bin/../lib/gcc/arm-linux-androideabi/4.4.3\libgcc.a(_divdi3.o)
 .debug_aranges
                0x00000350       0x20 c:/soft/Android/android-ndk-r8b/toolchains/arm-linux-androideabi-4.4.3/prebuilt/windows/bin/../lib/gcc/arm-linux-androideabi/4.4.3\libgcc.a(_udivdi3.o)
 .debug_aranges
                0x00000370       0x20 c:/soft/Android/android-ndk-r8b/toolchains/arm-linux-androideabi-4.4.3/prebuilt/windows/bin/../lib/gcc/arm-linux-androideabi/4.4.3\libgcc.a(_udivsi3.o)
 .debug_aranges
                0x00000390       0x20 c:/soft/Android/android-ndk-r8b/toolchains/arm-linux-androideabi-4.4.3/prebuilt/windows/bin/../lib/gcc/arm-linux-androideabi/4.4.3\libgcc.a(_dvmd_lnx.o)

.debug_pubnames
                0x00000000      0x87c
 *(.debug_pubnames)
 .debug_pubnames
                0x00000000      0x3cd debug\admob_platform.os
 .debug_pubnames
                0x000003cd      0x1c6 debug\admob.os
 .debug_pubnames
                0x00000593       0x37 debug\admob_register.os
 .debug_pubnames
                0x000005ca       0x45 c:/soft/Android/android-ndk-r8b/toolchains/arm-linux-androideabi-4.4.3/prebuilt/windows/bin/../lib/gcc/arm-linux-androideabi/4.4.3\libgcc.a(bpabi.o)
 .debug_pubnames
                0x0000060f      0x177 c:/soft/Android/android-ndk-r8b/toolchains/arm-linux-androideabi-4.4.3/prebuilt/windows/bin/../lib/gcc/arm-linux-androideabi/4.4.3\libgcc.a(unwind-arm.o)
 .debug_pubnames
                0x00000786       0xb7 c:/soft/Android/android-ndk-r8b/toolchains/arm-linux-androideabi-4.4.3/prebuilt/windows/bin/../lib/gcc/arm-linux-androideabi/4.4.3\libgcc.a(pr-support.o)
 .debug_pubnames
                0x0000083d       0x1f c:/soft/Android/android-ndk-r8b/toolchains/arm-linux-androideabi-4.4.3/prebuilt/windows/bin/../lib/gcc/arm-linux-androideabi/4.4.3\libgcc.a(_divdi3.o)
 .debug_pubnames
                0x0000085c       0x20 c:/soft/Android/android-ndk-r8b/toolchains/arm-linux-androideabi-4.4.3/prebuilt/windows/bin/../lib/gcc/arm-linux-androideabi/4.4.3\libgcc.a(_udivdi3.o)

.debug_info     0x00000000     0x929e
 *(.debug_info .gnu.linkonce.wi.*)
 .debug_info    0x00000000     0x6030 debug\admob_platform.os
 .debug_info    0x00006030      0x39e debug\admob.os
 .debug_info    0x000063ce      0x3e3 debug\admob_register.os
 .debug_info    0x000067b1       0xf5 c:/soft/Android/android-ndk-r8b/toolchains/arm-linux-androideabi-4.4.3/prebuilt/windows/bin/../lib/gcc/arm-linux-androideabi/4.4.3\libgcc.a(_aeabi_ldivmod.o)
 .debug_info    0x000068a6       0xde c:/soft/Android/android-ndk-r8b/toolchains/arm-linux-androideabi-4.4.3/prebuilt/windows/bin/../lib/gcc/arm-linux-androideabi/4.4.3\libgcc.a(bpabi.o)
 .debug_info    0x00006984     0x1424 c:/soft/Android/android-ndk-r8b/toolchains/arm-linux-androideabi-4.4.3/prebuilt/windows/bin/../lib/gcc/arm-linux-androideabi/4.4.3\libgcc.a(unwind-arm.o)
 .debug_info    0x00007da8       0xf9 c:/soft/Android/android-ndk-r8b/toolchains/arm-linux-androideabi-4.4.3/prebuilt/windows/bin/../lib/gcc/arm-linux-androideabi/4.4.3\libgcc.a(libunwind.o)
 .debug_info    0x00007ea1      0x636 c:/soft/Android/android-ndk-r8b/toolchains/arm-linux-androideabi-4.4.3/prebuilt/windows/bin/../lib/gcc/arm-linux-androideabi/4.4.3\libgcc.a(pr-support.o)
 .debug_info    0x000084d7      0x606 c:/soft/Android/android-ndk-r8b/toolchains/arm-linux-androideabi-4.4.3/prebuilt/windows/bin/../lib/gcc/arm-linux-androideabi/4.4.3\libgcc.a(_divdi3.o)
 .debug_info    0x00008add      0x5cb c:/soft/Android/android-ndk-r8b/toolchains/arm-linux-androideabi-4.4.3/prebuilt/windows/bin/../lib/gcc/arm-linux-androideabi/4.4.3\libgcc.a(_udivdi3.o)
 .debug_info    0x000090a8       0xfb c:/soft/Android/android-ndk-r8b/toolchains/arm-linux-androideabi-4.4.3/prebuilt/windows/bin/../lib/gcc/arm-linux-androideabi/4.4.3\libgcc.a(_udivsi3.o)
 .debug_info    0x000091a3       0xfb c:/soft/Android/android-ndk-r8b/toolchains/arm-linux-androideabi-4.4.3/prebuilt/windows/bin/../lib/gcc/arm-linux-androideabi/4.4.3\libgcc.a(_dvmd_lnx.o)

.debug_abbrev   0x00000000      0xde3
 *(.debug_abbrev)
 .debug_abbrev  0x00000000      0x26a debug\admob_platform.os
 .debug_abbrev  0x0000026a       0xd9 debug\admob.os
 .debug_abbrev  0x00000343      0x113 debug\admob_register.os
 .debug_abbrev  0x00000456       0x14 c:/soft/Android/android-ndk-r8b/toolchains/arm-linux-androideabi-4.4.3/prebuilt/windows/bin/../lib/gcc/arm-linux-androideabi/4.4.3\libgcc.a(_aeabi_ldivmod.o)
 .debug_abbrev  0x0000046a       0x6a c:/soft/Android/android-ndk-r8b/toolchains/arm-linux-androideabi-4.4.3/prebuilt/windows/bin/../lib/gcc/arm-linux-androideabi/4.4.3\libgcc.a(bpabi.o)
 .debug_abbrev  0x000004d4      0x3bb c:/soft/Android/android-ndk-r8b/toolchains/arm-linux-androideabi-4.4.3/prebuilt/windows/bin/../lib/gcc/arm-linux-androideabi/4.4.3\libgcc.a(unwind-arm.o)
 .debug_abbrev  0x0000088f       0x14 c:/soft/Android/android-ndk-r8b/toolchains/arm-linux-androideabi-4.4.3/prebuilt/windows/bin/../lib/gcc/arm-linux-androideabi/4.4.3\libgcc.a(libunwind.o)
 .debug_abbrev  0x000008a3      0x220 c:/soft/Android/android-ndk-r8b/toolchains/arm-linux-androideabi-4.4.3/prebuilt/windows/bin/../lib/gcc/arm-linux-androideabi/4.4.3\libgcc.a(pr-support.o)
 .debug_abbrev  0x00000ac3      0x18b c:/soft/Android/android-ndk-r8b/toolchains/arm-linux-androideabi-4.4.3/prebuilt/windows/bin/../lib/gcc/arm-linux-androideabi/4.4.3\libgcc.a(_divdi3.o)
 .debug_abbrev  0x00000c4e      0x16d c:/soft/Android/android-ndk-r8b/toolchains/arm-linux-androideabi-4.4.3/prebuilt/windows/bin/../lib/gcc/arm-linux-androideabi/4.4.3\libgcc.a(_udivdi3.o)
 .debug_abbrev  0x00000dbb       0x14 c:/soft/Android/android-ndk-r8b/toolchains/arm-linux-androideabi-4.4.3/prebuilt/windows/bin/../lib/gcc/arm-linux-androideabi/4.4.3\libgcc.a(_udivsi3.o)
 .debug_abbrev  0x00000dcf       0x14 c:/soft/Android/android-ndk-r8b/toolchains/arm-linux-androideabi-4.4.3/prebuilt/windows/bin/../lib/gcc/arm-linux-androideabi/4.4.3\libgcc.a(_dvmd_lnx.o)

.debug_line     0x00000000     0x159e
 *(.debug_line)
 .debug_line    0x00000000      0x47e debug\admob_platform.os
 .debug_line    0x0000047e      0x1cc debug\admob.os
 .debug_line    0x0000064a      0x244 debug\admob_register.os
 .debug_line    0x0000088e       0xa5 c:/soft/Android/android-ndk-r8b/toolchains/arm-linux-androideabi-4.4.3/prebuilt/windows/bin/../lib/gcc/arm-linux-androideabi/4.4.3\libgcc.a(_aeabi_ldivmod.o)
 .debug_line    0x00000933       0xab c:/soft/Android/android-ndk-r8b/toolchains/arm-linux-androideabi-4.4.3/prebuilt/windows/bin/../lib/gcc/arm-linux-androideabi/4.4.3\libgcc.a(bpabi.o)
 .debug_line    0x000009de      0x4d2 c:/soft/Android/android-ndk-r8b/toolchains/arm-linux-androideabi-4.4.3/prebuilt/windows/bin/../lib/gcc/arm-linux-androideabi/4.4.3\libgcc.a(unwind-arm.o)
 .debug_line    0x00000eb0       0xf1 c:/soft/Android/android-ndk-r8b/toolchains/arm-linux-androideabi-4.4.3/prebuilt/windows/bin/../lib/gcc/arm-linux-androideabi/4.4.3\libgcc.a(libunwind.o)
 .debug_line    0x00000fa1      0x1d2 c:/soft/Android/android-ndk-r8b/toolchains/arm-linux-androideabi-4.4.3/prebuilt/windows/bin/../lib/gcc/arm-linux-androideabi/4.4.3\libgcc.a(pr-support.o)
 .debug_line    0x00001173      0x162 c:/soft/Android/android-ndk-r8b/toolchains/arm-linux-androideabi-4.4.3/prebuilt/windows/bin/../lib/gcc/arm-linux-androideabi/4.4.3\libgcc.a(_divdi3.o)
 .debug_line    0x000012d5      0x152 c:/soft/Android/android-ndk-r8b/toolchains/arm-linux-androideabi-4.4.3/prebuilt/windows/bin/../lib/gcc/arm-linux-androideabi/4.4.3\libgcc.a(_udivdi3.o)
 .debug_line    0x00001427       0xcc c:/soft/Android/android-ndk-r8b/toolchains/arm-linux-androideabi-4.4.3/prebuilt/windows/bin/../lib/gcc/arm-linux-androideabi/4.4.3\libgcc.a(_udivsi3.o)
 .debug_line    0x000014f3       0xab c:/soft/Android/android-ndk-r8b/toolchains/arm-linux-androideabi-4.4.3/prebuilt/windows/bin/../lib/gcc/arm-linux-androideabi/4.4.3\libgcc.a(_dvmd_lnx.o)

.debug_frame    0x00000000      0xca0
 *(.debug_frame)
 .debug_frame   0x00000000      0x3f0 debug\admob_platform.os
 .debug_frame   0x000003f0      0x224 debug\admob.os
 .debug_frame   0x00000614      0x228 debug\admob_register.os
 .debug_frame   0x0000083c       0x60 c:/soft/Android/android-ndk-r8b/toolchains/arm-linux-androideabi-4.4.3/prebuilt/windows/bin/../lib/gcc/arm-linux-androideabi/4.4.3\libgcc.a(bpabi.o)
 .debug_frame   0x0000089c      0x248 c:/soft/Android/android-ndk-r8b/toolchains/arm-linux-androideabi-4.4.3/prebuilt/windows/bin/../lib/gcc/arm-linux-androideabi/4.4.3\libgcc.a(unwind-arm.o)
 .debug_frame   0x00000ae4      0x108 c:/soft/Android/android-ndk-r8b/toolchains/arm-linux-androideabi-4.4.3/prebuilt/windows/bin/../lib/gcc/arm-linux-androideabi/4.4.3\libgcc.a(pr-support.o)
 .debug_frame   0x00000bec       0x44 c:/soft/Android/android-ndk-r8b/toolchains/arm-linux-androideabi-4.4.3/prebuilt/windows/bin/../lib/gcc/arm-linux-androideabi/4.4.3\libgcc.a(_divdi3.o)
 .debug_frame   0x00000c30       0x48 c:/soft/Android/android-ndk-r8b/toolchains/arm-linux-androideabi-4.4.3/prebuilt/windows/bin/../lib/gcc/arm-linux-androideabi/4.4.3\libgcc.a(_udivdi3.o)
 .debug_frame   0x00000c78       0x28 c:/soft/Android/android-ndk-r8b/toolchains/arm-linux-androideabi-4.4.3/prebuilt/windows/bin/../lib/gcc/arm-linux-androideabi/4.4.3\libgcc.a(_udivsi3.o)

.debug_str      0x00000000     0x5b24
 *(.debug_str)
 .debug_str     0x00000000     0x4d0f debug\admob_platform.os
                               0x4e89 (size before relaxing)
 .debug_str     0x00004d0f       0x7d debug\admob.os
                                0x2fb (size before relaxing)
 .debug_str     0x00004d8c      0x21f debug\admob_register.os
                                0x369 (size before relaxing)
 .debug_str     0x00004fab       0xb9 c:/soft/Android/android-ndk-r8b/toolchains/arm-linux-androideabi-4.4.3/prebuilt/windows/bin/../lib/gcc/arm-linux-androideabi/4.4.3\libgcc.a(bpabi.o)
                                 0xde (size before relaxing)
 .debug_str     0x00005064      0x814 c:/soft/Android/android-ndk-r8b/toolchains/arm-linux-androideabi-4.4.3/prebuilt/windows/bin/../lib/gcc/arm-linux-androideabi/4.4.3\libgcc.a(unwind-arm.o)
                                0x8f4 (size before relaxing)
 .debug_str     0x00005878      0x13d c:/soft/Android/android-ndk-r8b/toolchains/arm-linux-androideabi-4.4.3/prebuilt/windows/bin/../lib/gcc/arm-linux-androideabi/4.4.3\libgcc.a(pr-support.o)
                                0x45a (size before relaxing)
 .debug_str     0x000059b5      0x165 c:/soft/Android/android-ndk-r8b/toolchains/arm-linux-androideabi-4.4.3/prebuilt/windows/bin/../lib/gcc/arm-linux-androideabi/4.4.3\libgcc.a(_divdi3.o)
                                0x215 (size before relaxing)
 .debug_str     0x00005b1a        0xa c:/soft/Android/android-ndk-r8b/toolchains/arm-linux-androideabi-4.4.3/prebuilt/windows/bin/../lib/gcc/arm-linux-androideabi/4.4.3\libgcc.a(_udivdi3.o)
                                0x216 (size before relaxing)

.debug_loc      0x00000000     0x2c66
 *(.debug_loc)
 .debug_loc     0x00000000      0x5fc debug\admob_platform.os
 .debug_loc     0x000005fc      0x2a8 debug\admob.os
 .debug_loc     0x000008a4      0x2b5 debug\admob_register.os
 .debug_loc     0x00000b59      0x120 c:/soft/Android/android-ndk-r8b/toolchains/arm-linux-androideabi-4.4.3/prebuilt/windows/bin/../lib/gcc/arm-linux-androideabi/4.4.3\libgcc.a(bpabi.o)
 .debug_loc     0x00000c79      0xfef c:/soft/Android/android-ndk-r8b/toolchains/arm-linux-androideabi-4.4.3/prebuilt/windows/bin/../lib/gcc/arm-linux-androideabi/4.4.3\libgcc.a(unwind-arm.o)
 .debug_loc     0x00001c68      0x2f9 c:/soft/Android/android-ndk-r8b/toolchains/arm-linux-androideabi-4.4.3/prebuilt/windows/bin/../lib/gcc/arm-linux-androideabi/4.4.3\libgcc.a(pr-support.o)
 .debug_loc     0x00001f61      0x6cf c:/soft/Android/android-ndk-r8b/toolchains/arm-linux-androideabi-4.4.3/prebuilt/windows/bin/../lib/gcc/arm-linux-androideabi/4.4.3\libgcc.a(_divdi3.o)
 .debug_loc     0x00002630      0x636 c:/soft/Android/android-ndk-r8b/toolchains/arm-linux-androideabi-4.4.3/prebuilt/windows/bin/../lib/gcc/arm-linux-androideabi/4.4.3\libgcc.a(_udivdi3.o)

.debug_macinfo
 *(.debug_macinfo)

.debug_weaknames
 *(.debug_weaknames)

.debug_funcnames
 *(.debug_funcnames)

.debug_typenames
 *(.debug_typenames)

.debug_varnames
 *(.debug_varnames)

.debug_pubtypes
 *(.debug_pubtypes)

.debug_ranges   0x00000000      0x5b0
 *(.debug_ranges)
 .debug_ranges  0x00000000      0x120 debug\admob_platform.os
 .debug_ranges  0x00000120       0xa0 debug\admob.os
 .debug_ranges  0x000001c0       0xa0 debug\admob_register.os
 .debug_ranges  0x00000260      0x1f8 c:/soft/Android/android-ndk-r8b/toolchains/arm-linux-androideabi-4.4.3/prebuilt/windows/bin/../lib/gcc/arm-linux-androideabi/4.4.3\libgcc.a(unwind-arm.o)
 .debug_ranges  0x00000458       0x30 c:/soft/Android/android-ndk-r8b/toolchains/arm-linux-androideabi-4.4.3/prebuilt/windows/bin/../lib/gcc/arm-linux-androideabi/4.4.3\libgcc.a(pr-support.o)
 .debug_ranges  0x00000488       0xa0 c:/soft/Android/android-ndk-r8b/toolchains/arm-linux-androideabi-4.4.3/prebuilt/windows/bin/../lib/gcc/arm-linux-androideabi/4.4.3\libgcc.a(_divdi3.o)
 .debug_ranges  0x00000528       0x88 c:/soft/Android/android-ndk-r8b/toolchains/arm-linux-androideabi-4.4.3/prebuilt/windows/bin/../lib/gcc/arm-linux-androideabi/4.4.3\libgcc.a(_udivdi3.o)

.gnu.attributes
 *(.gnu.attributes)

.note.gnu.arm.ident
 *(.note.gnu.arm.ident)

/DISCARD/
 *(.note.GNU-stack)
 *(.gnu_debuglink)
OUTPUT(C:\soft\Marmalade\6.1.2\extensions\admob\lib\android\libadmob_d.so elf32-littlearm)

.ARM.attributes
                0x00000000       0x31
 .ARM.attributes
                0x00000000       0x2d c:/soft/Android/android-ndk-r8b/platforms/android-9/arch-arm/usr/lib/crtbegin_so.o
 .ARM.attributes
                0x0000002d       0x2b debug\admob_platform.os
 .ARM.attributes
                0x00000058       0x2b debug\admob.os
 .ARM.attributes
                0x00000083       0x2b debug\admob_register.os
 .ARM.attributes
                0x000000ae       0x2b C:\soft\Marmalade\6.1.2\s3e\edk\lib\android\libedk.a(IwDebug.o)
 .ARM.attributes
                0x000000d9       0x2b C:\soft\Marmalade\6.1.2\s3e\edk\lib\android\libedk.a(edk_helpers.o)
 .ARM.attributes
                0x00000104       0x19 c:/soft/Android/android-ndk-r8b/toolchains/arm-linux-androideabi-4.4.3/prebuilt/windows/bin/../lib/gcc/arm-linux-androideabi/4.4.3\libgcc.a(_aeabi_ldivmod.o)
 .ARM.attributes
                0x0000011d       0x29 c:/soft/Android/android-ndk-r8b/toolchains/arm-linux-androideabi-4.4.3/prebuilt/windows/bin/../lib/gcc/arm-linux-androideabi/4.4.3\libgcc.a(bpabi.o)
 .ARM.attributes
                0x00000146       0x29 c:/soft/Android/android-ndk-r8b/toolchains/arm-linux-androideabi-4.4.3/prebuilt/windows/bin/../lib/gcc/arm-linux-androideabi/4.4.3\libgcc.a(unwind-arm.o)
 .ARM.attributes
                0x0000016f       0x19 c:/soft/Android/android-ndk-r8b/toolchains/arm-linux-androideabi-4.4.3/prebuilt/windows/bin/../lib/gcc/arm-linux-androideabi/4.4.3\libgcc.a(libunwind.o)
 .ARM.attributes
                0x00000188       0x29 c:/soft/Android/android-ndk-r8b/toolchains/arm-linux-androideabi-4.4.3/prebuilt/windows/bin/../lib/gcc/arm-linux-androideabi/4.4.3\libgcc.a(pr-support.o)
 .ARM.attributes
                0x000001b1       0x29 c:/soft/Android/android-ndk-r8b/toolchains/arm-linux-androideabi-4.4.3/prebuilt/windows/bin/../lib/gcc/arm-linux-androideabi/4.4.3\libgcc.a(_divdi3.o)
 .ARM.attributes
                0x000001da       0x29 c:/soft/Android/android-ndk-r8b/toolchains/arm-linux-androideabi-4.4.3/prebuilt/windows/bin/../lib/gcc/arm-linux-androideabi/4.4.3\libgcc.a(_udivdi3.o)
 .ARM.attributes
                0x00000203       0x19 c:/soft/Android/android-ndk-r8b/toolchains/arm-linux-androideabi-4.4.3/prebuilt/windows/bin/../lib/gcc/arm-linux-androideabi/4.4.3\libgcc.a(_udivsi3.o)
 .ARM.attributes
                0x0000021c       0x19 c:/soft/Android/android-ndk-r8b/toolchains/arm-linux-androideabi-4.4.3/prebuilt/windows/bin/../lib/gcc/arm-linux-androideabi/4.4.3\libgcc.a(_dvmd_lnx.o)
 .ARM.attributes
                0x00000235       0x1f c:/soft/Android/android-ndk-r8b/platforms/android-9/arch-arm/usr/lib/crtend_so.o
