Archive member included because of file (symbol)

C:\soft\Marmalade\6.1.2\s3e\edk\lib\android\libedk.a(edk_helpers.o)
                              release\admob_platform.os (s3eEdkThreadRunOnOS)
c:/soft/Android/android-ndk-r8b/toolchains/arm-linux-androideabi-4.4.3/prebuilt/windows/bin/../lib/gcc/arm-linux-androideabi/4.4.3\libgcc.a(unwind-arm.o)
                              c:/soft/Android/android-ndk-r8b/platforms/android-9/arch-arm/usr/lib/crtbegin_so.o (__aeabi_unwind_cpp_pr0)
c:/soft/Android/android-ndk-r8b/toolchains/arm-linux-androideabi-4.4.3/prebuilt/windows/bin/../lib/gcc/arm-linux-androideabi/4.4.3\libgcc.a(libunwind.o)
                              c:/soft/Android/android-ndk-r8b/toolchains/arm-linux-androideabi-4.4.3/prebuilt/windows/bin/../lib/gcc/arm-linux-androideabi/4.4.3\libgcc.a(unwind-arm.o) (restore_core_regs)
c:/soft/Android/android-ndk-r8b/toolchains/arm-linux-androideabi-4.4.3/prebuilt/windows/bin/../lib/gcc/arm-linux-androideabi/4.4.3\libgcc.a(pr-support.o)
                              c:/soft/Android/android-ndk-r8b/toolchains/arm-linux-androideabi-4.4.3/prebuilt/windows/bin/../lib/gcc/arm-linux-androideabi/4.4.3\libgcc.a(unwind-arm.o) (__gnu_unwind_execute)

Discarded input sections

 .ARM.extab     0x00000000        0x0 c:/soft/Android/android-ndk-r8b/platforms/android-9/arch-arm/usr/lib/crtbegin_so.o
 .bss           0x00000000        0x0 c:/soft/Android/android-ndk-r8b/platforms/android-9/arch-arm/usr/lib/crtbegin_so.o
 .note.GNU-stack
                0x00000000        0x0 c:/soft/Android/android-ndk-r8b/platforms/android-9/arch-arm/usr/lib/crtbegin_so.o
 _ZN7_JNIEnv11GetMethodIDEP7_jclassPKcS3_
                0x00000000        0x0 release\admob_platform.os
 _ZN7_JNIEnv17CallBooleanMethodEP8_jobjectP10_jmethodIDz
                0x00000000        0x0 release\admob_platform.os
 _ZN7_JNIEnv13CallIntMethodEP8_jobjectP10_jmethodIDz
                0x00000000        0x0 release\admob_platform.os
 _ZN7_JNIEnv9NewObjectEP7_jclassP10_jmethodIDz
                0x00000000        0x0 release\admob_platform.os
 .text          0x00000000        0x0 release\admob_platform.os
 .data          0x00000000        0x0 release\admob_platform.os
 .note.GNU-stack
                0x00000000        0x0 release\admob_platform.os
 .text          0x00000000        0x0 release\admob.os
 .data          0x00000000        0x0 release\admob.os
 .bss           0x00000000        0x0 release\admob.os
 .note.GNU-stack
                0x00000000        0x0 release\admob.os
 .text          0x00000000        0x0 release\admob_register.os
 .data          0x00000000        0x0 release\admob_register.os
 .bss           0x00000000        0x0 release\admob_register.os
 .text._Z16admobRegisterExtv
                0x00000000        0x0 release\admob_register.os
 .note.GNU-stack
                0x00000000        0x0 release\admob_register.os
 .text          0x00000000        0x0 C:\soft\Marmalade\6.1.2\s3e\edk\lib\android\libedk.a(edk_helpers.o)
 .data          0x00000000        0x0 C:\soft\Marmalade\6.1.2\s3e\edk\lib\android\libedk.a(edk_helpers.o)
 .bss           0x00000000        0x0 C:\soft\Marmalade\6.1.2\s3e\edk\lib\android\libedk.a(edk_helpers.o)
 .text.s3eEdkThreadRunOnOSAsync
                0x00000000        0x0 C:\soft\Marmalade\6.1.2\s3e\edk\lib\android\libedk.a(edk_helpers.o)
 .text.s3eEdkErrorSetString
                0x00000000        0x0 C:\soft\Marmalade\6.1.2\s3e\edk\lib\android\libedk.a(edk_helpers.o)
 .note.GNU-stack
                0x00000000        0x0 C:\soft\Marmalade\6.1.2\s3e\edk\lib\android\libedk.a(edk_helpers.o)
 .data          0x00000000        0x0 c:/soft/Android/android-ndk-r8b/toolchains/arm-linux-androideabi-4.4.3/prebuilt/windows/bin/../lib/gcc/arm-linux-androideabi/4.4.3\libgcc.a(unwind-arm.o)
 .bss           0x00000000        0x0 c:/soft/Android/android-ndk-r8b/toolchains/arm-linux-androideabi-4.4.3/prebuilt/windows/bin/../lib/gcc/arm-linux-androideabi/4.4.3\libgcc.a(unwind-arm.o)
 .note.GNU-stack
                0x00000000        0x0 c:/soft/Android/android-ndk-r8b/toolchains/arm-linux-androideabi-4.4.3/prebuilt/windows/bin/../lib/gcc/arm-linux-androideabi/4.4.3\libgcc.a(unwind-arm.o)
 .data          0x00000000        0x0 c:/soft/Android/android-ndk-r8b/toolchains/arm-linux-androideabi-4.4.3/prebuilt/windows/bin/../lib/gcc/arm-linux-androideabi/4.4.3\libgcc.a(libunwind.o)
 .bss           0x00000000        0x0 c:/soft/Android/android-ndk-r8b/toolchains/arm-linux-androideabi-4.4.3/prebuilt/windows/bin/../lib/gcc/arm-linux-androideabi/4.4.3\libgcc.a(libunwind.o)
 .note.GNU-stack
                0x00000000        0x0 c:/soft/Android/android-ndk-r8b/toolchains/arm-linux-androideabi-4.4.3/prebuilt/windows/bin/../lib/gcc/arm-linux-androideabi/4.4.3\libgcc.a(libunwind.o)
 .data          0x00000000        0x0 c:/soft/Android/android-ndk-r8b/toolchains/arm-linux-androideabi-4.4.3/prebuilt/windows/bin/../lib/gcc/arm-linux-androideabi/4.4.3\libgcc.a(pr-support.o)
 .bss           0x00000000        0x0 c:/soft/Android/android-ndk-r8b/toolchains/arm-linux-androideabi-4.4.3/prebuilt/windows/bin/../lib/gcc/arm-linux-androideabi/4.4.3\libgcc.a(pr-support.o)
 .ARM.extab     0x00000000        0x0 c:/soft/Android/android-ndk-r8b/toolchains/arm-linux-androideabi-4.4.3/prebuilt/windows/bin/../lib/gcc/arm-linux-androideabi/4.4.3\libgcc.a(pr-support.o)
 .note.GNU-stack
                0x00000000        0x0 c:/soft/Android/android-ndk-r8b/toolchains/arm-linux-androideabi-4.4.3/prebuilt/windows/bin/../lib/gcc/arm-linux-androideabi/4.4.3\libgcc.a(pr-support.o)
 .text          0x00000000        0x0 c:/soft/Android/android-ndk-r8b/platforms/android-9/arch-arm/usr/lib/crtend_so.o
 .data          0x00000000        0x0 c:/soft/Android/android-ndk-r8b/platforms/android-9/arch-arm/usr/lib/crtend_so.o
 .bss           0x00000000        0x0 c:/soft/Android/android-ndk-r8b/platforms/android-9/arch-arm/usr/lib/crtend_so.o
 .note.GNU-stack
                0x00000000        0x0 c:/soft/Android/android-ndk-r8b/platforms/android-9/arch-arm/usr/lib/crtend_so.o

Memory Configuration

Name             Origin             Length             Attributes
*default*        0x00000000         0xffffffff

Linker script and memory map

LOAD c:/soft/Android/android-ndk-r8b/platforms/android-9/arch-arm/usr/lib/crtbegin_so.o
LOAD release\admob_platform.os
LOAD release\admob.os
LOAD release\admob_register.os
LOAD C:\soft\Marmalade\6.1.2\s3e\edk\lib\android\libedk.a
LOAD C:\soft\Marmalade\6.1.2\s3e\edk\lib\android/libplaceholderplaceholderplaceholderplaceholderplaceholder.so
LOAD C:\soft\Android\android-ndk-r8b\platforms\android-9\arch-arm\usr\lib/liblog.so
LOAD C:\soft\Android\android-ndk-r8b\sources\cxx-stl\gnu-libstdc++\4.4.3\libs\armeabi\libgnustl_static.a
LOAD c:/soft/Android/android-ndk-r8b/toolchains/arm-linux-androideabi-4.4.3/prebuilt/windows/bin/../lib/gcc/arm-linux-androideabi/4.4.3\libgcc.a
LOAD C:\soft\Android\android-ndk-r8b\platforms\android-9\arch-arm\usr\lib/libstdc++.so
LOAD C:\soft\Android\android-ndk-r8b\platforms\android-9\arch-arm\usr\lib/libm.so
LOAD C:\soft\Android\android-ndk-r8b\platforms\android-9\arch-arm\usr\lib/libc.so
LOAD c:/soft/Android/android-ndk-r8b/toolchains/arm-linux-androideabi-4.4.3/prebuilt/windows/bin/../lib/gcc/arm-linux-androideabi/4.4.3\libgcc.a
LOAD C:\soft\Android\android-ndk-r8b\platforms\android-9\arch-arm\usr\lib/libc.so
LOAD C:\soft\Android\android-ndk-r8b\platforms\android-9\arch-arm\usr\lib/libdl.so
LOAD c:/soft/Android/android-ndk-r8b/toolchains/arm-linux-androideabi-4.4.3/prebuilt/windows/bin/../lib/gcc/arm-linux-androideabi/4.4.3\libgcc.a
LOAD c:/soft/Android/android-ndk-r8b/platforms/android-9/arch-arm/usr/lib/crtend_so.o
                0x000000f4                . = (0x0 + SIZEOF_HEADERS)

.note.gnu.build-id
 *(.note.gnu.build-id)

.hash           0x000000f4      0x234
 *(.hash)
 .hash          0x000000f4      0x234 c:/soft/Android/android-ndk-r8b/platforms/android-9/arch-arm/usr/lib/crtbegin_so.o

.gnu.hash
 *(.gnu.hash)

.dynsym         0x00000328      0x480
 *(.dynsym)
 .dynsym        0x00000328      0x480 c:/soft/Android/android-ndk-r8b/platforms/android-9/arch-arm/usr/lib/crtbegin_so.o

.dynstr         0x000007a8      0x4ff
 *(.dynstr)
 .dynstr        0x000007a8      0x4ff c:/soft/Android/android-ndk-r8b/platforms/android-9/arch-arm/usr/lib/crtbegin_so.o

.gnu.version    0x00000ca8        0x0 load address 0x00000ca7
 *(.gnu.version)
 .gnu.version   0x00000000        0x0 c:/soft/Android/android-ndk-r8b/platforms/android-9/arch-arm/usr/lib/crtbegin_so.o

.gnu.version_d  0x00000ca8        0x0 load address 0x00000ca7
 *(.gnu.version_d)
 .gnu.version_d
                0x00000000        0x0 c:/soft/Android/android-ndk-r8b/platforms/android-9/arch-arm/usr/lib/crtbegin_so.o

.gnu.version_r  0x00000ca8        0x0 load address 0x00000ca7
 *(.gnu.version_r)
 .gnu.version_r
                0x00000000        0x0 c:/soft/Android/android-ndk-r8b/platforms/android-9/arch-arm/usr/lib/crtbegin_so.o

.rel.dyn        0x00000ca8       0xf0
 *(.rel.init)
 *(.rel.text .rel.text.* .rel.gnu.linkonce.t.*)
 .rel.text      0x00000ca8       0x10 c:/soft/Android/android-ndk-r8b/platforms/android-9/arch-arm/usr/lib/crtbegin_so.o
 *(.rel.fini)
 *(.rel.rodata .rel.rodata.* .rel.gnu.linkonce.r.*)
 *(.rel.data.rel.ro* .rel.gnu.linkonce.d.rel.ro.*)
 *(.rel.data .rel.data.* .rel.gnu.linkonce.d.*)
 .rel.data      0x00000cb8        0x8 c:/soft/Android/android-ndk-r8b/platforms/android-9/arch-arm/usr/lib/crtbegin_so.o
 *(.rel.tdata .rel.tdata.* .rel.gnu.linkonce.td.*)
 *(.rel.tbss .rel.tbss.* .rel.gnu.linkonce.tb.*)
 *(.rel.ctors)
 *(.rel.dtors)
 *(.rel.got)
 .rel.got       0x00000cc0       0xd0 c:/soft/Android/android-ndk-r8b/platforms/android-9/arch-arm/usr/lib/crtbegin_so.o
 *(.rel.bss .rel.bss.* .rel.gnu.linkonce.b.*)
 .rel.fini_array
                0x00000d90        0x8 c:/soft/Android/android-ndk-r8b/platforms/android-9/arch-arm/usr/lib/crtbegin_so.o

.rela.dyn
 *(.rela.init)
 *(.rela.text .rela.text.* .rela.gnu.linkonce.t.*)
 *(.rela.fini)
 *(.rela.rodata .rela.rodata.* .rela.gnu.linkonce.r.*)
 *(.rela.data .rela.data.* .rela.gnu.linkonce.d.*)
 *(.rela.tdata .rela.tdata.* .rela.gnu.linkonce.td.*)
 *(.rela.tbss .rela.tbss.* .rela.gnu.linkonce.tb.*)
 *(.rela.ctors)
 *(.rela.dtors)
 *(.rela.got)
 *(.rela.bss .rela.bss.* .rela.gnu.linkonce.b.*)

.rel.plt        0x00000d98       0x58
 *(.rel.plt)
 .rel.plt       0x00000d98       0x58 c:/soft/Android/android-ndk-r8b/platforms/android-9/arch-arm/usr/lib/crtbegin_so.o

.rela.plt
 *(.rela.plt)

.init
 *(.init)

.plt            0x00000df0       0x98
 *(.plt)
 .plt           0x00000df0       0x98 c:/soft/Android/android-ndk-r8b/platforms/android-9/arch-arm/usr/lib/crtbegin_so.o

.text           0x00000e88     0x261c
 *(.text .stub .text.* .gnu.linkonce.t.*)
 .text          0x00000e88       0x28 c:/soft/Android/android-ndk-r8b/platforms/android-9/arch-arm/usr/lib/crtbegin_so.o
                0x00000e98                atexit
 .text._ZN7_JNIEnv11GetMethodIDEP7_jclassPKcS3_
                0x00000eb0       0x14 release\admob_platform.os
                0x00000eb0                _JNIEnv::GetMethodID(_jclass*, char const*, char const*)
 .text._Z23admobTerminate_platformv
                0x00000ec4        0x4 release\admob_platform.os
                0x00000ec4                admobTerminate_platform()
 .text._ZN7_JNIEnv17CallBooleanMethodEP8_jobjectP10_jmethodIDz
                0x00000ec8       0x34 release\admob_platform.os
                0x00000ec8                _JNIEnv::CallBooleanMethod(_jobject*, _jmethodID*, ...)
 .text._ZN7_JNIEnv13CallIntMethodEP8_jobjectP10_jmethodIDz
                0x00000efc       0x34 release\admob_platform.os
                0x00000efc                _JNIEnv::CallIntMethod(_jobject*, _jmethodID*, ...)
 .text._ZN7_JNIEnv9NewObjectEP7_jclassP10_jmethodIDz
                0x00000f30       0x34 release\admob_platform.os
                0x00000f30                _JNIEnv::NewObject(_jclass*, _jmethodID*, ...)
 .text._Z31admob_interestial_hide_platformv
                0x00000f64       0x4c release\admob_platform.os
                0x00000f64                admob_interestial_hide_platform()
 .text._Z19admob_move_platformiii
                0x00000fb0       0x68 release\admob_platform.os
                0x00000fb0                admob_move_platform(int, int, int)
 .text._Z31admob_interestial_show_platformv
                0x00001018       0x50 release\admob_platform.os
                0x00001018                admob_interestial_show_platform()
 .text._Z19admob_show_platformv
                0x00001068       0x50 release\admob_platform.os
                0x00001068                admob_show_platform()
 .text._Z24admob_moveSmart_platformiiiii
                0x000010b8       0x78 release\admob_platform.os
                0x000010b8                admob_moveSmart_platform(int, int, int, int, int)
 .text._Z21admob_resize_platformi
                0x00001130       0x58 release\admob_platform.os
                0x00001130                admob_resize_platform(int)
 .text._Z19admob_hide_platformv
                0x00001188       0x50 release\admob_platform.os
                0x00001188                admob_hide_platform()
 .text._Z22admob_refresh_platformv
                0x000011d8       0x50 release\admob_platform.os
                0x000011d8                admob_refresh_platform()
 .text._Z31admob_banner_isClicked_platformv
                0x00001228       0x58 release\admob_platform.os
                0x00001228                admob_banner_isClicked_platform()
 .text._Z38admob_interestial_hasBeenUsed_platformv
                0x00001280       0x58 release\admob_platform.os
                0x00001280                admob_interestial_hasBeenUsed_platform()
 .text._Z35admob_interestial_wasShown_platformv
                0x000012d8       0x58 release\admob_platform.os
                0x000012d8                admob_interestial_wasShown_platform()
 .text._Z36admob_interestial_isClicked_platformv
                0x00001330       0x58 release\admob_platform.os
                0x00001330                admob_interestial_isClicked_platform()
 .text._Z34admob_interestial_isReady_platformv
                0x00001388       0x58 release\admob_platform.os
                0x00001388                admob_interestial_isReady_platform()
 .text._Z34admob_interestial_isShown_platformv
                0x000013e0       0x58 release\admob_platform.os
                0x000013e0                admob_interestial_isShown_platform()
 .text._Z34admob_interestial_preload_platformPKc
                0x00001438       0x70 release\admob_platform.os
                0x00001438                admob_interestial_preload_platform(char const*)
 .text._Z24admob_initSmart_platformPKciiiii
                0x000014a8       0x98 release\admob_platform.os
                0x000014a8                admob_initSmart_platform(char const*, int, int, int, int, int)
 .text._Z19admob_init_platformPKciiii
                0x00001540       0x90 release\admob_platform.os
                0x00001540                admob_init_platform(char const*, int, int, int, int)
 .text._ZL27s3eEdkAndroidFindClass_realPKc
                0x000015d0       0xb8 release\admob_platform.os
 .text._Z18admobInit_platformv
                0x00001688      0x46c release\admob_platform.os
                0x00001688                admobInit_platform()
 .text.admob_interestial_isClicked
                0x00001af4        0x4 release\admob.os
                0x00001af4                admob_interestial_isClicked
 .text.admob_banner_isClicked
                0x00001af8        0x4 release\admob.os
                0x00001af8                admob_banner_isClicked
 .text.admob_interestial_hide
                0x00001afc        0x4 release\admob.os
                0x00001afc                admob_interestial_hide
 .text.admob_interestial_show
                0x00001b00        0x4 release\admob.os
                0x00001b00                admob_interestial_show
 .text.admob_interestial_hasBeenUsed
                0x00001b04        0x4 release\admob.os
                0x00001b04                admob_interestial_hasBeenUsed
 .text.admob_interestial_wasShown
                0x00001b08        0x4 release\admob.os
                0x00001b08                admob_interestial_wasShown
 .text.admob_interestial_isShown
                0x00001b0c        0x4 release\admob.os
                0x00001b0c                admob_interestial_isShown
 .text.admob_interestial_isReady
                0x00001b10        0x4 release\admob.os
                0x00001b10                admob_interestial_isReady
 .text.admob_interestial_preload
                0x00001b14        0x4 release\admob.os
                0x00001b14                admob_interestial_preload
 .text.admob_move
                0x00001b18        0x4 release\admob.os
                0x00001b18                admob_move
 .text.admob_hide
                0x00001b1c        0x4 release\admob.os
                0x00001b1c                admob_hide
 .text.admob_refresh
                0x00001b20        0x4 release\admob.os
                0x00001b20                admob_refresh
 .text.admob_show
                0x00001b24        0x4 release\admob.os
                0x00001b24                admob_show
 .text.admob_resize
                0x00001b28        0x4 release\admob.os
                0x00001b28                admob_resize
 .text.admob_init
                0x00001b2c        0x4 release\admob.os
                0x00001b2c                admob_init
 .text.admob_moveSmart
                0x00001b30        0x4 release\admob.os
                0x00001b30                admob_moveSmart
 .text.admob_initSmart
                0x00001b34        0x4 release\admob.os
                0x00001b34                admob_initSmart
 .text._Z14admobTerminatev
                0x00001b38        0x4 release\admob.os
                0x00001b38                admobTerminate()
 .text._Z9admobInitv
                0x00001b3c        0x4 release\admob.os
                0x00001b3c                admobInit()
 .text._ZL32admob_interestial_isClicked_wrapv
                0x00001b40       0x24 release\admob_register.os
 .text._ZL27admob_banner_isClicked_wrapv
                0x00001b64       0x24 release\admob_register.os
 .text._ZL27admob_interestial_hide_wrapv
                0x00001b88       0x14 release\admob_register.os
 .text._ZL27admob_interestial_show_wrapv
                0x00001b9c       0x14 release\admob_register.os
 .text._ZL34admob_interestial_hasBeenUsed_wrapv
                0x00001bb0       0x24 release\admob_register.os
 .text._ZL31admob_interestial_wasShown_wrapv
                0x00001bd4       0x24 release\admob_register.os
 .text._ZL30admob_interestial_isShown_wrapv
                0x00001bf8       0x24 release\admob_register.os
 .text._ZL30admob_interestial_isReady_wrapv
                0x00001c1c       0x24 release\admob_register.os
 .text._ZL30admob_interestial_preload_wrapPKc
                0x00001c40       0x18 release\admob_register.os
 .text._ZL15admob_move_wrapiii
                0x00001c58       0x34 release\admob_register.os
 .text._ZL15admob_hide_wrapv
                0x00001c8c       0x14 release\admob_register.os
 .text._ZL18admob_refresh_wrapv
                0x00001ca0       0x14 release\admob_register.os
 .text._ZL15admob_show_wrapv
                0x00001cb4       0x14 release\admob_register.os
 .text._ZL17admob_resize_wrapi
                0x00001cc8       0x18 release\admob_register.os
 .text._ZL15admob_init_wrapPKciiii
                0x00001ce0       0x40 release\admob_register.os
 .text._ZL20admob_moveSmart_wrapiiiii
                0x00001d20       0x40 release\admob_register.os
 .text._ZL20admob_initSmart_wrapPKciiiii
                0x00001d60       0x48 release\admob_register.os
 .text.RegisterExt
                0x00001da8      0x1dc release\admob_register.os
                0x00001da8                RegisterExt
 .text.s3eEdkThreadRunOnOS
                0x00001f84       0x30 C:\soft\Marmalade\6.1.2\s3e\edk\lib\android\libedk.a(edk_helpers.o)
                0x00001f84                s3eEdkThreadRunOnOS
 .text          0x00001fb4      0xec4 c:/soft/Android/android-ndk-r8b/toolchains/arm-linux-androideabi-4.4.3/prebuilt/windows/bin/../lib/gcc/arm-linux-androideabi/4.4.3\libgcc.a(unwind-arm.o)
                0x000029dc                __gnu_Unwind_RaiseException
                0x00002534                __aeabi_unwind_cpp_pr0
                0x00002064                _Unwind_GetCFA
                0x00002000                _Unwind_VRS_Set
                0x00002778                __gnu_Unwind_Backtrace
                0x00002b0c                _Unwind_VRS_Pop
                0x00002524                __aeabi_unwind_cpp_pr2
                0x00002070                _Unwind_DeleteException
                0x0000206c                _Unwind_Complete
                0x00002aa0                __gnu_Unwind_Resume
                0x00002968                __gnu_Unwind_ForcedUnwind
                0x00002a80                __gnu_Unwind_Resume_or_Rethrow
                0x00001fb4                _Unwind_VRS_Get
                0x0000252c                __aeabi_unwind_cpp_pr1
 .text          0x00002e78      0x1a8 c:/soft/Android/android-ndk-r8b/toolchains/arm-linux-androideabi-4.4.3/prebuilt/windows/bin/../lib/gcc/arm-linux-androideabi/4.4.3\libgcc.a(libunwind.o)
                0x00002fd8                ___Unwind_ForcedUnwind
                0x00002e94                __gnu_Unwind_Save_VFP
                0x00002fb4                _Unwind_Resume_or_Rethrow
                0x00002fb4                ___Unwind_Resume_or_Rethrow
                0x00002ffc                _Unwind_Backtrace
                0x00002e78                __restore_core_regs
                0x00002eb4                __gnu_Unwind_Save_VFP_D_16_to_31
                0x00002ea4                __gnu_Unwind_Save_VFP_D
                0x00002ffc                ___Unwind_Backtrace
                0x00002f6c                ___Unwind_RaiseException
                0x00002f90                ___Unwind_Resume
                0x00002ebc                __gnu_Unwind_Restore_WMMXD
                0x00002e8c                __gnu_Unwind_Restore_VFP
                0x00002f90                _Unwind_Resume
                0x00002e9c                __gnu_Unwind_Restore_VFP_D
                0x00002eac                __gnu_Unwind_Restore_VFP_D_16_to_31
                0x00002f6c                _Unwind_RaiseException
                0x00002e78                restore_core_regs
                0x00002f58                __gnu_Unwind_Save_WMMXC
                0x00002f44                __gnu_Unwind_Restore_WMMXC
                0x00002fd8                _Unwind_ForcedUnwind
                0x00002f00                __gnu_Unwind_Save_WMMXD
 .text          0x00003020      0x484 c:/soft/Android/android-ndk-r8b/toolchains/arm-linux-androideabi-4.4.3/prebuilt/windows/bin/../lib/gcc/arm-linux-androideabi/4.4.3\libgcc.a(pr-support.o)
                0x000030c0                _Unwind_GetRegionStart
                0x000030ec                __gnu_unwind_execute
                0x00003078                _Unwind_GetTextRelBase
                0x00003088                _Unwind_GetLanguageSpecificData
                0x00003464                __gnu_unwind_frame
                0x00003080                _Unwind_GetDataRelBase
 *(.gnu.warning)
 *(.glue_7t)
 .glue_7t       0x00000000        0x0 linker stubs
 *(.glue_7)
 .glue_7        0x00000000        0x0 linker stubs
 *(.vfp11_veneer)
 .vfp11_veneer  0x00000000        0x0 linker stubs
 *(.v4_bx)
 .v4_bx         0x00000000        0x0 linker stubs

.fini
 *(.fini)
                0x000034a4                PROVIDE (__etext, .)
                0x000034a4                PROVIDE (_etext, .)
                0x000034a4                PROVIDE (etext, .)

.rodata         0x000034a4      0x1ec
 *(.rodata .rodata.* .gnu.linkonce.r.*)
 .rodata.str1.4
                0x000034a4      0x1ec release\admob_platform.os
 .rodata.str1.4
                0x00000000        0x8 release\admob_register.os

.rodata1
 *(.rodata1)

.ARM.extab      0x00003690       0x24
 *(.ARM.extab* .gnu.linkonce.armextab.*)
 .ARM.extab     0x00003690       0x24 c:/soft/Android/android-ndk-r8b/toolchains/arm-linux-androideabi-4.4.3/prebuilt/windows/bin/../lib/gcc/arm-linux-androideabi/4.4.3\libgcc.a(unwind-arm.o)
                0x000036b4                __exidx_start = .

.ARM.exidx      0x000036b4       0xe0
 *(.ARM.exidx* .gnu.linkonce.armexidx.*)
 .ARM.exidx     0x000036b4        0x8 c:/soft/Android/android-ndk-r8b/platforms/android-9/arch-arm/usr/lib/crtbegin_so.o
 .ARM.exidx     0x000036bc       0xa0 c:/soft/Android/android-ndk-r8b/toolchains/arm-linux-androideabi-4.4.3/prebuilt/windows/bin/../lib/gcc/arm-linux-androideabi/4.4.3\libgcc.a(unwind-arm.o)
 .ARM.exidx     0x0000375c       0x38 c:/soft/Android/android-ndk-r8b/toolchains/arm-linux-androideabi-4.4.3/prebuilt/windows/bin/../lib/gcc/arm-linux-androideabi/4.4.3\libgcc.a(pr-support.o)
                0x00003794                __exidx_end = .

.eh_frame_hdr
 *(.eh_frame_hdr)

.eh_frame
 *(.eh_frame)

.gcc_except_table
 *(.gcc_except_table .gcc_except_table.*)
                0x00003794                . = (ALIGN (0x1000) - ((0x1000 - .) & 0xfff))
                0x00004e6c                . = (0x1000 DATA_SEGMENT_ALIGN 0x1000)

.eh_frame
 *(.eh_frame)

.gcc_except_table
 *(.gcc_except_table .gcc_except_table.*)

.tdata
 *(.tdata .tdata.* .gnu.linkonce.td.*)

.tbss
 *(.tbss .tbss.* .gnu.linkonce.tb.*)
 *(.tcommon)

.preinit_array
 *(.preinit_array)

.init_array     0x00004e6c        0x8
 *(SORT(.init_array.*))
 *(.init_array)
 .init_array    0x00004e6c        0x4 c:/soft/Android/android-ndk-r8b/platforms/android-9/arch-arm/usr/lib/crtbegin_so.o
                0x00004e6c                __INIT_ARRAY__
 .init_array    0x00004e70        0x4 c:/soft/Android/android-ndk-r8b/platforms/android-9/arch-arm/usr/lib/crtend_so.o

.fini_array     0x00004e74        0xc
 *(.fini_array)
 .fini_array    0x00004e74        0x8 c:/soft/Android/android-ndk-r8b/platforms/android-9/arch-arm/usr/lib/crtbegin_so.o
                0x00004e74                __FINI_ARRAY__
 .fini_array    0x00004e7c        0x4 c:/soft/Android/android-ndk-r8b/platforms/android-9/arch-arm/usr/lib/crtend_so.o
 *(SORT(.fini_array.*))

.ctors
 *crtbegin.o(.ctors)
 *crtbegin?.o(.ctors)
 *(EXCLUDE_FILE(*crtend?.o *crtend.o) .ctors)
 *(SORT(.ctors.*))
 *(.ctors)

.dtors
 *crtbegin.o(.dtors)
 *crtbegin?.o(.dtors)
 *(EXCLUDE_FILE(*crtend?.o *crtend.o) .dtors)
 *(SORT(.dtors.*))
 *(.dtors)

.jcr
 *(.jcr)

.data.rel.ro
 *(.data.rel.ro.local* .gnu.linkonce.d.rel.ro.local.*)
 *(.data.rel.ro* .gnu.linkonce.d.rel.ro.*)

.dynamic        0x00004e80       0xe0
 *(.dynamic)
 .dynamic       0x00004e80       0xe0 c:/soft/Android/android-ndk-r8b/platforms/android-9/arch-arm/usr/lib/crtbegin_so.o
                0x00004e80                _DYNAMIC

.got            0x00004f60       0xa0
 *(.got.plt)
 .got.plt       0x00004f60       0x38 c:/soft/Android/android-ndk-r8b/platforms/android-9/arch-arm/usr/lib/crtbegin_so.o
                0x00004f60                _GLOBAL_OFFSET_TABLE_
 *(.got)
 .got           0x00004f98       0x68 c:/soft/Android/android-ndk-r8b/platforms/android-9/arch-arm/usr/lib/crtbegin_so.o
                0x00005000                . = (. DATA_SEGMENT_RELRO_END 0x0)

.data           0x00005000       0x10
                0x00005000                __data_start = .
 *(.data .data.* .gnu.linkonce.d.*)
 .data          0x00005000       0x10 c:/soft/Android/android-ndk-r8b/platforms/android-9/arch-arm/usr/lib/crtbegin_so.o
                0x00005000                __dso_handle

.data1
 *(.data1)
                0x00005010                _edata = .
                0x00005010                PROVIDE (edata, .)
                0x00005010                __bss_start = .
                0x00005010                __bss_start__ = .

.bss            0x00005010       0x48
 *(.dynbss)
 .dynbss        0x00000000        0x0 c:/soft/Android/android-ndk-r8b/platforms/android-9/arch-arm/usr/lib/crtbegin_so.o
 *(.bss .bss.* .gnu.linkonce.b.*)
 .bss           0x00005010       0x48 release\admob_platform.os
 *(COMMON)
                0x00005058                . = ALIGN ((. != 0x0)?0x4:0x1)
                0x00005058                _bss_end__ = .
                0x00005058                __bss_end__ = .
                0x00005058                . = ALIGN (0x4)
                0x00005058                . = ALIGN (0x4)
                0x00005058                __end__ = .
                0x00005058                _end = .
                0x00005058                PROVIDE (end, .)
                0x00005058                . = DATA_SEGMENT_END (.)

.stab
 *(.stab)

.stabstr
 *(.stabstr)

.stab.excl
 *(.stab.excl)

.stab.exclstr
 *(.stab.exclstr)

.stab.index
 *(.stab.index)

.stab.indexstr
 *(.stab.indexstr)

.comment        0x00000000       0x6c
 *(.comment)
 .comment       0x00000000       0x12 release\admob_platform.os
 .comment       0x00000012       0x12 release\admob.os
 .comment       0x00000024       0x12 release\admob_register.os
 .comment       0x00000036       0x12 C:\soft\Marmalade\6.1.2\s3e\edk\lib\android\libedk.a(edk_helpers.o)
 .comment       0x00000048       0x12 c:/soft/Android/android-ndk-r8b/toolchains/arm-linux-androideabi-4.4.3/prebuilt/windows/bin/../lib/gcc/arm-linux-androideabi/4.4.3\libgcc.a(unwind-arm.o)
 .comment       0x0000005a       0x12 c:/soft/Android/android-ndk-r8b/toolchains/arm-linux-androideabi-4.4.3/prebuilt/windows/bin/../lib/gcc/arm-linux-androideabi/4.4.3\libgcc.a(pr-support.o)

.debug
 *(.debug)

.line
 *(.line)

.debug_srcinfo
 *(.debug_srcinfo)

.debug_sfnames
 *(.debug_sfnames)

.debug_aranges  0x00000000       0x60
 *(.debug_aranges)
 .debug_aranges
                0x00000000       0x20 c:/soft/Android/android-ndk-r8b/toolchains/arm-linux-androideabi-4.4.3/prebuilt/windows/bin/../lib/gcc/arm-linux-androideabi/4.4.3\libgcc.a(unwind-arm.o)
 .debug_aranges
                0x00000020       0x20 c:/soft/Android/android-ndk-r8b/toolchains/arm-linux-androideabi-4.4.3/prebuilt/windows/bin/../lib/gcc/arm-linux-androideabi/4.4.3\libgcc.a(libunwind.o)
 .debug_aranges
                0x00000040       0x20 c:/soft/Android/android-ndk-r8b/toolchains/arm-linux-androideabi-4.4.3/prebuilt/windows/bin/../lib/gcc/arm-linux-androideabi/4.4.3\libgcc.a(pr-support.o)

.debug_pubnames
                0x00000000      0x22e
 *(.debug_pubnames)
 .debug_pubnames
                0x00000000      0x177 c:/soft/Android/android-ndk-r8b/toolchains/arm-linux-androideabi-4.4.3/prebuilt/windows/bin/../lib/gcc/arm-linux-androideabi/4.4.3\libgcc.a(unwind-arm.o)
 .debug_pubnames
                0x00000177       0xb7 c:/soft/Android/android-ndk-r8b/toolchains/arm-linux-androideabi-4.4.3/prebuilt/windows/bin/../lib/gcc/arm-linux-androideabi/4.4.3\libgcc.a(pr-support.o)

.debug_info     0x00000000     0x1b53
 *(.debug_info .gnu.linkonce.wi.*)
 .debug_info    0x00000000     0x1424 c:/soft/Android/android-ndk-r8b/toolchains/arm-linux-androideabi-4.4.3/prebuilt/windows/bin/../lib/gcc/arm-linux-androideabi/4.4.3\libgcc.a(unwind-arm.o)
 .debug_info    0x00001424       0xf9 c:/soft/Android/android-ndk-r8b/toolchains/arm-linux-androideabi-4.4.3/prebuilt/windows/bin/../lib/gcc/arm-linux-androideabi/4.4.3\libgcc.a(libunwind.o)
 .debug_info    0x0000151d      0x636 c:/soft/Android/android-ndk-r8b/toolchains/arm-linux-androideabi-4.4.3/prebuilt/windows/bin/../lib/gcc/arm-linux-androideabi/4.4.3\libgcc.a(pr-support.o)

.debug_abbrev   0x00000000      0x5ef
 *(.debug_abbrev)
 .debug_abbrev  0x00000000      0x3bb c:/soft/Android/android-ndk-r8b/toolchains/arm-linux-androideabi-4.4.3/prebuilt/windows/bin/../lib/gcc/arm-linux-androideabi/4.4.3\libgcc.a(unwind-arm.o)
 .debug_abbrev  0x000003bb       0x14 c:/soft/Android/android-ndk-r8b/toolchains/arm-linux-androideabi-4.4.3/prebuilt/windows/bin/../lib/gcc/arm-linux-androideabi/4.4.3\libgcc.a(libunwind.o)
 .debug_abbrev  0x000003cf      0x220 c:/soft/Android/android-ndk-r8b/toolchains/arm-linux-androideabi-4.4.3/prebuilt/windows/bin/../lib/gcc/arm-linux-androideabi/4.4.3\libgcc.a(pr-support.o)

.debug_line     0x00000000      0x795
 *(.debug_line)
 .debug_line    0x00000000      0x4d2 c:/soft/Android/android-ndk-r8b/toolchains/arm-linux-androideabi-4.4.3/prebuilt/windows/bin/../lib/gcc/arm-linux-androideabi/4.4.3\libgcc.a(unwind-arm.o)
 .debug_line    0x000004d2       0xf1 c:/soft/Android/android-ndk-r8b/toolchains/arm-linux-androideabi-4.4.3/prebuilt/windows/bin/../lib/gcc/arm-linux-androideabi/4.4.3\libgcc.a(libunwind.o)
 .debug_line    0x000005c3      0x1d2 c:/soft/Android/android-ndk-r8b/toolchains/arm-linux-androideabi-4.4.3/prebuilt/windows/bin/../lib/gcc/arm-linux-androideabi/4.4.3\libgcc.a(pr-support.o)

.debug_frame    0x00000000      0x350
 *(.debug_frame)
 .debug_frame   0x00000000      0x248 c:/soft/Android/android-ndk-r8b/toolchains/arm-linux-androideabi-4.4.3/prebuilt/windows/bin/../lib/gcc/arm-linux-androideabi/4.4.3\libgcc.a(unwind-arm.o)
 .debug_frame   0x00000248      0x108 c:/soft/Android/android-ndk-r8b/toolchains/arm-linux-androideabi-4.4.3/prebuilt/windows/bin/../lib/gcc/arm-linux-androideabi/4.4.3\libgcc.a(pr-support.o)

.debug_str      0x00000000      0x9c7
 *(.debug_str)
 .debug_str     0x00000000      0x884 c:/soft/Android/android-ndk-r8b/toolchains/arm-linux-androideabi-4.4.3/prebuilt/windows/bin/../lib/gcc/arm-linux-androideabi/4.4.3\libgcc.a(unwind-arm.o)
                                0x8f4 (size before relaxing)
 .debug_str     0x00000884      0x143 c:/soft/Android/android-ndk-r8b/toolchains/arm-linux-androideabi-4.4.3/prebuilt/windows/bin/../lib/gcc/arm-linux-androideabi/4.4.3\libgcc.a(pr-support.o)
                                0x45a (size before relaxing)

.debug_loc      0x00000000     0x12e8
 *(.debug_loc)
 .debug_loc     0x00000000      0xfef c:/soft/Android/android-ndk-r8b/toolchains/arm-linux-androideabi-4.4.3/prebuilt/windows/bin/../lib/gcc/arm-linux-androideabi/4.4.3\libgcc.a(unwind-arm.o)
 .debug_loc     0x00000fef      0x2f9 c:/soft/Android/android-ndk-r8b/toolchains/arm-linux-androideabi-4.4.3/prebuilt/windows/bin/../lib/gcc/arm-linux-androideabi/4.4.3\libgcc.a(pr-support.o)

.debug_macinfo
 *(.debug_macinfo)

.debug_weaknames
 *(.debug_weaknames)

.debug_funcnames
 *(.debug_funcnames)

.debug_typenames
 *(.debug_typenames)

.debug_varnames
 *(.debug_varnames)

.debug_pubtypes
 *(.debug_pubtypes)

.debug_ranges   0x00000000      0x228
 *(.debug_ranges)
 .debug_ranges  0x00000000      0x1f8 c:/soft/Android/android-ndk-r8b/toolchains/arm-linux-androideabi-4.4.3/prebuilt/windows/bin/../lib/gcc/arm-linux-androideabi/4.4.3\libgcc.a(unwind-arm.o)
 .debug_ranges  0x000001f8       0x30 c:/soft/Android/android-ndk-r8b/toolchains/arm-linux-androideabi-4.4.3/prebuilt/windows/bin/../lib/gcc/arm-linux-androideabi/4.4.3\libgcc.a(pr-support.o)

.gnu.attributes
 *(.gnu.attributes)

.note.gnu.arm.ident
 *(.note.gnu.arm.ident)

/DISCARD/
 *(.note.GNU-stack)
 *(.gnu_debuglink)
OUTPUT(C:\soft\Marmalade\6.1.2\extensions\admob\lib\android\libadmob.so elf32-littlearm)

.ARM.attributes
                0x00000000       0x31
 .ARM.attributes
                0x00000000       0x2d c:/soft/Android/android-ndk-r8b/platforms/android-9/arch-arm/usr/lib/crtbegin_so.o
 .ARM.attributes
                0x0000002d       0x2b release\admob_platform.os
 .ARM.attributes
                0x00000058       0x2b release\admob.os
 .ARM.attributes
                0x00000083       0x2b release\admob_register.os
 .ARM.attributes
                0x000000ae       0x2b C:\soft\Marmalade\6.1.2\s3e\edk\lib\android\libedk.a(edk_helpers.o)
 .ARM.attributes
                0x000000d9       0x29 c:/soft/Android/android-ndk-r8b/toolchains/arm-linux-androideabi-4.4.3/prebuilt/windows/bin/../lib/gcc/arm-linux-androideabi/4.4.3\libgcc.a(unwind-arm.o)
 .ARM.attributes
                0x00000102       0x19 c:/soft/Android/android-ndk-r8b/toolchains/arm-linux-androideabi-4.4.3/prebuilt/windows/bin/../lib/gcc/arm-linux-androideabi/4.4.3\libgcc.a(libunwind.o)
 .ARM.attributes
                0x0000011b       0x29 c:/soft/Android/android-ndk-r8b/toolchains/arm-linux-androideabi-4.4.3/prebuilt/windows/bin/../lib/gcc/arm-linux-androideabi/4.4.3\libgcc.a(pr-support.o)
 .ARM.attributes
                0x00000144       0x1f c:/soft/Android/android-ndk-r8b/platforms/android-9/arch-arm/usr/lib/crtend_so.o
